ARM Linker, 4.1 [Build 894] [Professional]

==============================================================================

Section Cross References

    startup_lpc177x_8x.o(RESET) refers to startup_lpc177x_8x.o(STACK) for __initial_sp
    startup_lpc177x_8x.o(RESET) refers to startup_lpc177x_8x.o(.text) for Reset_Handler
    startup_lpc177x_8x.o(.text) refers to startup_lpc177x_8x.o(HEAP) for Heap_Mem
    startup_lpc177x_8x.o(.text) refers to startup_lpc177x_8x.o(STACK) for Stack_Mem


==============================================================================

Image Symbol Table

    Local Symbols

    Symbol Name                              Value     Ov Type        Size  Object(Section)

    RESET                                    0x00000000   Section      228  startup_lpc177x_8x.o(RESET)
    startup_LPC177x_8x.s                     0x00000000   Number         0  startup_lpc177x_8x.o ABSOLUTE
    .text                                    0x000000e4   Section       52  startup_lpc177x_8x.o(.text)
    .ARM.__at_0x02FC                         0x000002fc   Section        4  startup_lpc177x_8x.o(.ARM.__at_0x02FC)
    HEAP                                     0x10000000   Section     1024  startup_lpc177x_8x.o(HEAP)
    Heap_Mem                                 0x10000000   Data        1024  startup_lpc177x_8x.o(HEAP)
    STACK                                    0x10000400   Section      512  startup_lpc177x_8x.o(STACK)
    Stack_Mem                                0x10000400   Data         512  startup_lpc177x_8x.o(STACK)
    __initial_sp                             0x10000600   Data           0  startup_lpc177x_8x.o(STACK)

    Global Symbols

    Symbol Name                              Value     Ov Type        Size  Object(Section)

    BuildAttributes$$THM_ISAv4$P$D$K$B$S$PE$A:L22UL41UL21$X:L11$S22US41US21$IEEE1$IW$USESV6$~STKCKD$USESV7$~SHL$OSPACE$EBA8$STANDARDLIB$PRES8$EABIv2 0x00000000   Number         0  anon$$obj.o ABSOLUTE
    __Vectors                                0x00000000   Data           4  startup_lpc177x_8x.o(RESET)
    Reset_Handler                            0x000000e5   Thumb Code     4  startup_lpc177x_8x.o(.text)
    NMI_Handler                              0x000000e9   Thumb Code     2  startup_lpc177x_8x.o(.text)
    HardFault_Handler                        0x000000eb   Thumb Code     2  startup_lpc177x_8x.o(.text)
    MemManage_Handler                        0x000000ed   Thumb Code     2  startup_lpc177x_8x.o(.text)
    BusFault_Handler                         0x000000ef   Thumb Code     2  startup_lpc177x_8x.o(.text)
    UsageFault_Handler                       0x000000f1   Thumb Code     2  startup_lpc177x_8x.o(.text)
    SVC_Handler                              0x000000f3   Thumb Code     2  startup_lpc177x_8x.o(.text)
    DebugMon_Handler                         0x000000f5   Thumb Code     2  startup_lpc177x_8x.o(.text)
    PendSV_Handler                           0x000000f7   Thumb Code     2  startup_lpc177x_8x.o(.text)
    SysTick_Handler                          0x000000f9   Thumb Code     2  startup_lpc177x_8x.o(.text)
    ADC_IRQHandler                           0x000000fb   Thumb Code     0  startup_lpc177x_8x.o(.text)
    BOD_IRQHandler                           0x000000fb   Thumb Code     0  startup_lpc177x_8x.o(.text)
    CANActivity_IRQHandler                   0x000000fb   Thumb Code     0  startup_lpc177x_8x.o(.text)
    CAN_IRQHandler                           0x000000fb   Thumb Code     0  startup_lpc177x_8x.o(.text)
    DMA_IRQHandler                           0x000000fb   Thumb Code     0  startup_lpc177x_8x.o(.text)
    EEPROM_IRQHandler                        0x000000fb   Thumb Code     0  startup_lpc177x_8x.o(.text)
    EINT0_IRQHandler                         0x000000fb   Thumb Code     0  startup_lpc177x_8x.o(.text)
    EINT1_IRQHandler                         0x000000fb   Thumb Code     0  startup_lpc177x_8x.o(.text)
    EINT2_IRQHandler                         0x000000fb   Thumb Code     0  startup_lpc177x_8x.o(.text)
    EINT3_IRQHandler                         0x000000fb   Thumb Code     0  startup_lpc177x_8x.o(.text)
    ENET_IRQHandler                          0x000000fb   Thumb Code     0  startup_lpc177x_8x.o(.text)
    GPIO_IRQHandler                          0x000000fb   Thumb Code     0  startup_lpc177x_8x.o(.text)
    I2C0_IRQHandler                          0x000000fb   Thumb Code     0  startup_lpc177x_8x.o(.text)
    I2C1_IRQHandler                          0x000000fb   Thumb Code     0  startup_lpc177x_8x.o(.text)
    I2C2_IRQHandler                          0x000000fb   Thumb Code     0  startup_lpc177x_8x.o(.text)
    I2S_IRQHandler                           0x000000fb   Thumb Code     0  startup_lpc177x_8x.o(.text)
    LCD_IRQHandler                           0x000000fb   Thumb Code     0  startup_lpc177x_8x.o(.text)
    MCI_IRQHandler                           0x000000fb   Thumb Code     0  startup_lpc177x_8x.o(.text)
    MCPWM_IRQHandler                         0x000000fb   Thumb Code     0  startup_lpc177x_8x.o(.text)
    PLL0_IRQHandler                          0x000000fb   Thumb Code     0  startup_lpc177x_8x.o(.text)
    PLL1_IRQHandler                          0x000000fb   Thumb Code     0  startup_lpc177x_8x.o(.text)
    PWM0_IRQHandler                          0x000000fb   Thumb Code     0  startup_lpc177x_8x.o(.text)
    PWM1_IRQHandler                          0x000000fb   Thumb Code     0  startup_lpc177x_8x.o(.text)
    QEI_IRQHandler                           0x000000fb   Thumb Code     0  startup_lpc177x_8x.o(.text)
    RTC_IRQHandler                           0x000000fb   Thumb Code     0  startup_lpc177x_8x.o(.text)
    SPIFI_IRQHandler                         0x000000fb   Thumb Code     0  startup_lpc177x_8x.o(.text)
    SSP0_IRQHandler                          0x000000fb   Thumb Code     0  startup_lpc177x_8x.o(.text)
    SSP1_IRQHandler                          0x000000fb   Thumb Code     0  startup_lpc177x_8x.o(.text)
    SSP2_IRQHandler                          0x000000fb   Thumb Code     0  startup_lpc177x_8x.o(.text)
    TIMER0_IRQHandler                        0x000000fb   Thumb Code     0  startup_lpc177x_8x.o(.text)
    TIMER1_IRQHandler                        0x000000fb   Thumb Code     0  startup_lpc177x_8x.o(.text)
    TIMER2_IRQHandler                        0x000000fb   Thumb Code     0  startup_lpc177x_8x.o(.text)
    TIMER3_IRQHandler                        0x000000fb   Thumb Code     0  startup_lpc177x_8x.o(.text)
    UART0_IRQHandler                         0x000000fb   Thumb Code     0  startup_lpc177x_8x.o(.text)
    UART1_IRQHandler                         0x000000fb   Thumb Code     0  startup_lpc177x_8x.o(.text)
    UART2_IRQHandler                         0x000000fb   Thumb Code     0  startup_lpc177x_8x.o(.text)
    UART3_IRQHandler                         0x000000fb   Thumb Code     0  startup_lpc177x_8x.o(.text)
    UART4_IRQHandler                         0x000000fb   Thumb Code     0  startup_lpc177x_8x.o(.text)
    USBActivity_IRQHandler                   0x000000fb   Thumb Code     0  startup_lpc177x_8x.o(.text)
    USB_IRQHandler                           0x000000fb   Thumb Code     0  startup_lpc177x_8x.o(.text)
    WDT_IRQHandler                           0x000000fb   Thumb Code     0  startup_lpc177x_8x.o(.text)
    __user_initial_stackheap                 0x000000fd   Thumb Code     0  startup_lpc177x_8x.o(.text)



==============================================================================

Memory Map of the image

  Image entry point : Not specified.

  Load Region LR_IROM1 (Base: 0x00000000, Size: 0x00000300, Max: 0x00080000, ABSOLUTE)

    Execution Region ER_IROM1 (Base: 0x00000000, Size: 0x00000300, Max: 0x00080000, ABSOLUTE)

    Base Addr    Size         Type   Attr      Idx    E Section Name        Object

    0x00000000   0x000000e4   Data   RO            3    RESET               startup_lpc177x_8x.o
    0x000000e4   0x00000034   Code   RO            5    .text               startup_lpc177x_8x.o
    0x00000118   0x000001e4   PAD
    0x000002fc   0x00000004   Code   RO            4    .ARM.__at_0x02FC    startup_lpc177x_8x.o


    Execution Region RW_IRAM1 (Base: 0x10000000, Size: 0x00000600, Max: 0x00010000, ABSOLUTE)

    Base Addr    Size         Type   Attr      Idx    E Section Name        Object

    0x10000000   0x00000400   Zero   RW            2    HEAP                startup_lpc177x_8x.o
    0x10000400   0x00000200   Zero   RW            1    STACK               startup_lpc177x_8x.o


    Execution Region RW_IRAM2 (Base: 0x20000000, Size: 0x00000000, Max: 0x00008000, ABSOLUTE)

    **** No section assigned to this execution region ****


==============================================================================

Image component sizes


      Code (inc. data)   RO Data    RW Data    ZI Data      Debug   Object Name

        56         22        228          0       1536        844   startup_lpc177x_8x.o

    ----------------------------------------------------------------------
       540        506        228          0       1536        844   Object Totals
         0          0          0          0          0          0   (incl. Generated)
       484        484          0          0          0          0   (incl. Padding)

    ----------------------------------------------------------------------
         0          0          0          0          0          0   Library Totals
         0          0          0          0          0          0   (incl. Padding)

    ----------------------------------------------------------------------

==============================================================================


      Code (inc. data)   RO Data    RW Data    ZI Data      Debug   

       540        506        228          0       1536        844   Grand Totals
       540        506        228          0       1536        844   ELF Image Totals
       540        506        228          0          0          0   ROM Totals

==============================================================================

    Total RO  Size (Code + RO Data)                  768 (   0.75kB)
    Total RW  Size (RW Data + ZI Data)              1536 (   1.50kB)
    Total ROM Size (Code + RO Data + RW Data)        768 (   0.75kB)

==============================================================================

