<html>
<body>
<pre>
<h1>µVision Build Log</h1>
<h2>Project:</h2>
E:\GitHub\ARMUE\vs2010_project\cortex_m3_test\cortex_m3_test.uvproj
Project File Date:  04/27/2013

<h2>Output:</h2>
Build target 'Target 1'
assembling start.s...
linking...
cortex_m3_test.axf: Warning: L6305W: Image does not have an entry point. (Not specified or not set due to multiple choices.)
cortex_m3_test.sct(8): warning: L6314W: No section matches pattern *(InRoot$$Sections).
Program Size: Code=104 RO-data=0 RW-data=0 ZI-data=0  
FromELF: creating hex file...
User command #1: C:\Keil\ARM\BIN40\fromelf.exe --bin -o ./test.bin ./cortex_m3_test.axf
User command #2: C:\Keil\ARM\BIN40\fromelf.exe -c -o ./test.txt ./cortex_m3_test.axf
"cortex_m3_test.axf" - 0 Error(s), 2 Warning(s).
Build target 'Target 1'
linking...
cortex_m3_test.axf: Warning: L6305W: Image does not have an entry point. (Not specified or not set due to multiple choices.)
cortex_m3_test.sct(8): warning: L6314W: No section matches pattern *(InRoot$$Sections).
Program Size: Code=104 RO-data=0 RW-data=0 ZI-data=0  
FromELF: creating hex file...
User command #1: C:\Keil\ARM\BIN40\fromelf.exe --bin -o ./test.bin ./cortex_m3_test.axf
User command #2: C:\Keil\ARM\BIN40\fromelf.exe -c -o ./test.txt ./cortex_m3_test.axf
"cortex_m3_test.axf" - 0 Error(s), 2 Warning(s).
Build target 'Target 1'
assembling start.s...
compiling test.c...
test.c(3): warning:  #951-D: return type of function "main" must be "int"
test.c(6): warning:  #1-D: last line of file ends without a newline
linking...
cortex_m3_test.axf: Error: L6406E: No space in execution regions with .ANY selector matching fseek.o(.text).
cortex_m3_test.axf: Error: L6406E: No space in execution regions with .ANY selector matching stdio.o(.text).
cortex_m3_test.axf: Error: L6406E: No space in execution regions with .ANY selector matching fopen.o(.text).
cortex_m3_test.axf: Error: L6406E: No space in execution regions with .ANY selector matching init_alloc.o(.text).
cortex_m3_test.axf: Error: L6406E: No space in execution regions with .ANY selector matching sys_io.o(.text).
cortex_m3_test.axf: Error: L6406E: No space in execution regions with .ANY selector matching defsig_rtmem_inner.o(.text).
cortex_m3_test.axf: Error: L6406E: No space in execution regions with .ANY selector matching h1_free.o(.text).
cortex_m3_test.axf: Error: L6406E: No space in execution regions with .ANY selector matching rt_memclr_w.o(.text).
cortex_m3_test.axf: Error: L6406E: No space in execution regions with .ANY selector matching fclose.o(.text).
cortex_m3_test.axf: Error: L6406E: No space in execution regions with .ANY selector matching heapauxa.o(.text).
cortex_m3_test.axf: Error: L6406E: No space in execution regions with .ANY selector matching sys_stackheap_outer.o(.text).
cortex_m3_test.axf: Error: L6406E: No space in execution regions with .ANY selector matching setvbuf.o(.text).
cortex_m3_test.axf: Error: L6406E: No space in execution regions with .ANY selector matching ftell.o(.text).
cortex_m3_test.axf: Error: L6406E: No space in execution regions with .ANY selector matching strlen.o(.text).
cortex_m3_test.axf: Error: L6406E: No space in execution regions with .ANY selector matching defsig_rtred_inner.o(.text).
cortex_m3_test.axf: Error: L6406E: No space in execution regions with .ANY selector matching h1_extend.o(.text).
cortex_m3_test.axf: Error: L6406E: No space in execution regions with .ANY selector matching defsig_general.o(.text).
cortex_m3_test.axf: Error: L6406E: No space in execution regions with .ANY selector matching _printf_char_common.o(.text).
cortex_m3_test.axf: Error: L6406E: No space in execution regions with .ANY selector matching sys_stackheap.o(.text).
cortex_m3_test.axf: Error: L6406E: No space in execution regions with .ANY selector matching __printf_nopercent.o(.text).
cortex_m3_test.axf: Error: L6406E: No space in execution regions with .ANY selector matching _printf_char_file.o(.text).
cortex_m3_test.axf: Error: L6406E: No space in execution regions with .ANY selector matching fputc.o(i.fputc).
cortex_m3_test.axf: Error: L6406E: No space in execution regions with .ANY selector matching noretval__2printf.o(.text).
cortex_m3_test.axf: Error: L6406E: No space in execution regions with .ANY selector matching test.o(.text).
cortex_m3_test.axf: Error: L6406E: No space in execution regions with .ANY selector matching defsig_rtred_outer.o(.text).
cortex_m3_test.axf: Error: L6406E: No space in execution regions with .ANY selector matching fpinit.o(x$fpl$fpinit).
cortex_m3_test.axf: Error: L6406E: No space in execution regions with .ANY selector matching h1_init.o(.text).
cortex_m3_test.axf: Error: L6406E: No space in execution regions with .ANY selector matching defsig_rtmem_outer.o(.text).
cortex_m3_test.axf: Error: L6406E: No space in execution regions with .ANY selector matching sys_wrch.o(.text).
cortex_m3_test.axf: Error: L6406E: No space in execution regions with .ANY selector matching exit.o(.text).
cortex_m3_test.axf: Error: L6406E: No space in execution regions with .ANY selector matching sys_exit.o(.text).
cortex_m3_test.axf: Error: L6406E: No space in execution regions with .ANY selector matching defsig_exit.o(.text).
cortex_m3_test.axf: Error: L6406E: No space in execution regions with .ANY selector matching rtentry2.o(.ARM.Collect$$rtentry$$0000000D).
cortex_m3_test.axf: Error: L6406E: No space in execution regions with .ANY selector matching ferror.o(.text).
cortex_m3_test.axf: Error: L6406E: No space in execution regions with .ANY selector matching libinit2.o(.ARM.Collect$$libinit$$00000001).
cortex_m3_test.axf: Error: L6406E: No space in execution regions with .ANY selector matching libspace.o(.text).
cortex_m3_test.axf: Error: L6406E: No space in execution regions with .ANY selector matching rt_heap_descriptor_intlibspace.o(.text).
cortex_m3_test.axf: Error: L6406E: No space in execution regions with .ANY selector matching rt_fp_status_addr_intlibspace.o(.text).
cortex_m3_test.axf: Error: L6406E: No space in execution regions with .ANY selector matching rt_errno_addr_intlibspace.o(.text).
cortex_m3_test.axf: Error: L6406E: No space in execution regions with .ANY selector matching rtexit2.o(.ARM.Collect$$rtexit$$00000004).
cortex_m3_test.axf: Error: L6406E: No space in execution regions with .ANY selector matching sys_io.o(.constdata).
cortex_m3_test.axf: Error: L6406E: No space in execution regions with .ANY selector matching sys_io.o(.constdata).
cortex_m3_test.axf: Error: L6406E: No space in execution regions with .ANY selector matching sys_io.o(.constdata).
cortex_m3_test.axf: Error: L6406E: No space in execution regions with .ANY selector matching libshutdown2.o(.ARM.Collect$$libshutdown$$00000002).
cortex_m3_test.axf: Error: L6406E: No space in execution regions with .ANY selector matching hguard.o(.text).
cortex_m3_test.axf: Error: L6406E: No space in execution regions with .ANY selector matching use_no_semi.o(.text).
cortex_m3_test.axf: Error: L6407E: Sections of aggregate size 0x8e8 bytes could not fit into .ANY selector(s).
Target not created
Build target 'Target 1'
linking...
cortex_m3_test.axf: Error: L6915E: Library reports error: The semihosting __user_initial_stackheap cannot reliably set up a usable heap region if scatter loading is in use
Target not created
Build target 'Target 1'
assembling start.s...
linking...
cortex_m3_test.axf: Error: L6218E: Undefined symbol SystemInit (referred from start.o).
Target not created
Build target 'Target 1'
assembling start.s...
linking...
cortex_m3_test.axf: Error: L6218E: Undefined symbol SystemInit (referred from start.o).
Target not created
Build target 'Target 1'
assembling start.s...
linking...
Program Size: Code=3184 RO-data=236 RW-data=12 ZI-data=4436  
FromELF: creating hex file...
User command #1: C:\Keil\ARM\BIN40\fromelf.exe --bin -o ./test.bin ./cortex_m3_test.axf
User command #2: C:\Keil\ARM\BIN40\fromelf.exe -c -o ./test.txt ./cortex_m3_test.axf
"cortex_m3_test.axf" - 0 Error(s), 0 Warning(s).
Build target 'Target 1'
compiling test.c...
test.c(22): warning:  #951-D: return type of function "main" must be "int"
test.c(25): warning:  #1-D: last line of file ends without a newline
linking...
Program Size: Code=560 RO-data=224 RW-data=8 ZI-data=4192  
FromELF: creating hex file...
User command #1: C:\Keil\ARM\BIN40\fromelf.exe --bin -o ./test.bin ./cortex_m3_test.axf
User command #2: C:\Keil\ARM\BIN40\fromelf.exe -c -o ./test.txt ./cortex_m3_test.axf
"cortex_m3_test.axf" - 0 Error(s), 2 Warning(s).
Build target 'Target 1'
compiling test.c...
test.c(22): warning:  #951-D: return type of function "main" must be "int"
test.c(27): warning:  #1-D: last line of file ends without a newline
linking...
cortex_m3_test.axf: Error: L6200E: Symbol __stdout multiply defined (by stdio_streams.o and test.o).
cortex_m3_test.axf: Error: L6200E: Symbol __stdin multiply defined (by stdio_streams.o and test.o).
Target not created
Build target 'Target 1'
compiling test.c...
test.c(22): warning:  #951-D: return type of function "main" must be "int"
test.c(27): warning:  #1-D: last line of file ends without a newline
linking...
Program Size: Code=3204 RO-data=236 RW-data=12 ZI-data=4436  
FromELF: creating hex file...
User command #1: C:\Keil\ARM\BIN40\fromelf.exe --bin -o ./test.bin ./cortex_m3_test.axf
User command #2: C:\Keil\ARM\BIN40\fromelf.exe -c -o ./test.txt ./cortex_m3_test.axf
"cortex_m3_test.axf" - 0 Error(s), 2 Warning(s).
Build target 'Target 1'
compiling test.c...
test.c(22): warning:  #951-D: return type of function "main" must be "int"
test.c(27): warning:  #1-D: last line of file ends without a newline
linking...
Program Size: Code=3204 RO-data=236 RW-data=12 ZI-data=4436  
FromELF: creating hex file...
User command #1: C:\Keil\ARM\BIN40\fromelf.exe --bin -o ./test.bin ./cortex_m3_test.axf
User command #2: C:\Keil\ARM\BIN40\fromelf.exe -c -o ./test.txt ./cortex_m3_test.axf
"cortex_m3_test.axf" - 0 Error(s), 2 Warning(s).
Build target 'Target 1'
compiling test.c...
test.c(29): warning:  #1-D: last line of file ends without a newline
linking...
Program Size: Code=3208 RO-data=236 RW-data=12 ZI-data=4436  
FromELF: creating hex file...
User command #1: C:\Keil\ARM\BIN40\fromelf.exe --bin -o ./test.bin ./cortex_m3_test.axf
User command #2: C:\Keil\ARM\BIN40\fromelf.exe -c -o ./test.txt ./cortex_m3_test.axf
"cortex_m3_test.axf" - 0 Error(s), 1 Warning(s).
Build target 'Target 1'
compiling test.c...
test.c(29): warning:  #1-D: last line of file ends without a newline
linking...
Program Size: Code=3208 RO-data=236 RW-data=12 ZI-data=4436  
FromELF: creating hex file...
User command #1: C:\Keil\ARM\BIN40\fromelf.exe --bin -o ./test.bin ./cortex_m3_test.axf
User command #2: C:\Keil\ARM\BIN40\fromelf.exe -c -o ./test.txt ./cortex_m3_test.axf
"cortex_m3_test.axf" - 0 Error(s), 1 Warning(s).
Build target 'Target 1'
compiling test.c...
test.c(29): warning:  #1-D: last line of file ends without a newline
linking...
Program Size: Code=3212 RO-data=236 RW-data=12 ZI-data=4436  
FromELF: creating hex file...
User command #1: C:\Keil\ARM\BIN40\fromelf.exe --bin -o ./test.bin ./cortex_m3_test.axf
User command #2: C:\Keil\ARM\BIN40\fromelf.exe -c -o ./test.txt ./cortex_m3_test.axf
"cortex_m3_test.axf" - 0 Error(s), 1 Warning(s).
Build target 'Target 1'
assembling start.s...
compiling test.c...
test.c(29): warning:  #1-D: last line of file ends without a newline
linking...
Program Size: Code=240 RO-data=208 RW-data=0 ZI-data=1024  
FromELF: creating hex file...
User command #1: C:\Keil\ARM\BIN40\fromelf.exe --bin -o ./test.bin ./cortex_m3_test.axf
User command #2: C:\Keil\ARM\BIN40\fromelf.exe -c -o ./test.txt ./cortex_m3_test.axf
"cortex_m3_test.axf" - 0 Error(s), 1 Warning(s).
Build target 'Target 1'
compiling test.c...
test.c(29): warning:  #1-D: last line of file ends without a newline
linking...
Program Size: Code=236 RO-data=208 RW-data=0 ZI-data=1024  
FromELF: creating hex file...
User command #1: C:\Keil\ARM\BIN40\fromelf.exe --bin -o ./test.bin ./cortex_m3_test.axf
User command #2: C:\Keil\ARM\BIN40\fromelf.exe -c -o ./test.txt ./cortex_m3_test.axf
"cortex_m3_test.axf" - 0 Error(s), 1 Warning(s).
Build target 'Target 1'
assembling start.s...
compiling test.c...
test.c(27): warning:  #1-D: last line of file ends without a newline
linking...
Program Size: Code=564 RO-data=224 RW-data=8 ZI-data=4192  
FromELF: creating hex file...
User command #1: C:\Keil\ARM\BIN40\fromelf.exe --bin -o ./test.bin ./cortex_m3_test.axf
User command #2: C:\Keil\ARM\BIN40\fromelf.exe -c -o ./test.txt ./cortex_m3_test.axf
"cortex_m3_test.axf" - 0 Error(s), 1 Warning(s).
Build target 'Target 1'
assembling start.s...
compiling test.c...
linking...
Program Size: Code=564 RO-data=224 RW-data=8 ZI-data=4192  
FromELF: creating hex file...
User command #1: C:\Keil\ARM\BIN40\fromelf.exe --bin -o ./test.bin ./cortex_m3_test.axf
User command #2: C:\Keil\ARM\BIN40\fromelf.exe -c -o ./test.txt ./cortex_m3_test.axf
"cortex_m3_test.axf" - 0 Error(s), 0 Warning(s).
Build target 'Target 1'
compiling test.c...
test.c(23): error:  #20: identifier "uint32_t" is undefined
Target not created
Build target 'Target 1'
assembling start.s...
compiling test.c...
test.c(23): error:  #20: identifier "uint32_t" is undefined
test.c(30): warning:  #223-D: function "PRINT_REGS" declared implicitly
Target not created
Build target 'Target 1'
assembling start.s...
compiling test.c...
test.c(2): error:  #5: cannot open source input file "types.h": No such file or directory
Target not created
Build target 'Target 1'
compiling test.c...
test.c(2): error:  #5: cannot open source input file "type.h": No such file or directory
Target not created
Build target 'Target 1'
compiling test.c...
test.c(39): warning:  #177-D: variable "a" was declared but never referenced
test.c(29): error: A1891E: With this register combination, writeback results in UNPREDICTABLE behaviour
test.c(34): error: A1477E: This register combination results in UNPREDICTABLE behaviour
Target not created
Build target 'Target 1'
compiling test.c...
test.c(39): warning:  #177-D: variable "a" was declared but never referenced
test.c(29): error: A1477E: This register combination results in UNPREDICTABLE behaviour
test.c(34): error: A1477E: This register combination results in UNPREDICTABLE behaviour
Target not created
Build target 'Target 1'
compiling test.c...
test.c(39): warning:  #177-D: variable "a" was declared but never referenced
test.c(29): error: A1891E: With this register combination, writeback results in UNPREDICTABLE behaviour
Target not created
Build target 'Target 1'
compiling test.c...
test.c(39): warning:  #177-D: variable "a" was declared but never referenced
test.c(36): warning: A1581W: Added 2 bytes of padding at address 0xe
linking...
cortex_m3_test.axf: Warning: L6306W: '~PRES8 (The user did not require code to preserve 8-byte data objects)' section test.o(.emb_text) should not use the address of 'REQ8 (Code was permitted to depend on the 8-byte aligment of 8-byte data items)' function _print_regs.
Program Size: Code=392 RO-data=208 RW-data=0 ZI-data=4192  
FromELF: creating hex file...
User command #1: C:\Keil\ARM\BIN40\fromelf.exe --bin -o ./test.bin ./cortex_m3_test.axf
User command #2: C:\Keil\ARM\BIN40\fromelf.exe -c -o ./test.txt ./cortex_m3_test.axf
"cortex_m3_test.axf" - 0 Error(s), 3 Warning(s).
Build target 'Target 1'
compiling test.c...
test.c(37): error:  #1113: Inline assembler not permitted when generating Thumb code
Target not created
Build target 'Target 1'
compiling test.c...
test.c(27): warning:  #260-D: explicit type is missing ("int" assumed)
test.c(27): error:  #65: expected a ";"
test.c(42): warning: At end of source:  #12-D: parsing restarts here after previous syntax error
Target not created
Build target 'Target 1'
compiling test.c...
test.c(39): warning:  #177-D: variable "a" was declared but never referenced
test.c(36): warning: A1581W: Added 2 bytes of padding at address 0xe
linking...
cortex_m3_test.axf: Warning: L6306W: '~PRES8 (The user did not require code to preserve 8-byte data objects)' section test.o(ei.print_regs) should not use the address of 'REQ8 (Code was permitted to depend on the 8-byte aligment of 8-byte data items)' function _print_regs.
Program Size: Code=396 RO-data=208 RW-data=0 ZI-data=4192  
FromELF: creating hex file...
User command #1: C:\Keil\ARM\BIN40\fromelf.exe --bin -o ./test.bin ./cortex_m3_test.axf
User command #2: C:\Keil\ARM\BIN40\fromelf.exe -c -o ./test.txt ./cortex_m3_test.axf
"cortex_m3_test.axf" - 0 Error(s), 3 Warning(s).
Build target 'Target 1'
compiling test.c...
test.c(39): warning:  #177-D: variable "a" was declared but never referenced
test.c(36): warning: A1581W: Added 2 bytes of padding at address 0xe
linking...
cortex_m3_test.axf: Error: L6218E: Undefined symbol _print_regs (referred from test.o).
Target not created
Build target 'Target 1'
compiling test.c...
test.c(38): warning:  #177-D: variable "a" was declared but never referenced
test.c(31): error: A1516E: Bad symbol '_print_regs', not defined or external
test.c(35): warning: A1581W: Added 2 bytes of padding at address 0xe
Target not created
Rebuild target 'Target 1'
assembling start.s...
compiling test.c...
test.c(38): warning:  #177-D: variable "a" was declared but never referenced
test.c(31): error: A1516E: Bad symbol '_print_regs', not defined or external
test.c(35): warning: A1581W: Added 2 bytes of padding at address 0xe
Target not created
Build target 'Target 1'
compiling test.c...
test.c(38): warning:  #177-D: variable "a" was declared but never referenced
test.c(31): error: A1516E: Bad symbol '_print_regs', not defined or external
test.c(35): warning: A1581W: Added 2 bytes of padding at address 0xe
Target not created
Build target 'Target 1'
compiling test.c...
test.c(38): warning:  #177-D: variable "a" was declared but never referenced
test.c(31): error: A1516E: Bad symbol '_print_regs', not defined or external
test.c(35): warning: A1581W: Added 2 bytes of padding at address 0xe
Target not created
Build target 'Target 1'
compiling test.c...
test.c(38): warning:  #177-D: variable "a" was declared but never referenced
test.c(31): error: A1516E: Bad symbol '_print_regs', not defined or external
test.c(35): warning: A1581W: Added 2 bytes of padding at address 0xe
Target not created
Build target 'Target 1'
compiling test.c...
test.c(38): warning:  #177-D: variable "a" was declared but never referenced
test.c(31): error: A1516E: Bad symbol '_print_regs', not defined or external
test.c(35): warning: A1581W: Added 2 bytes of padding at address 0xe
Target not created
Build target 'Target 1'
compiling test.c...
test.c(38): warning:  #177-D: variable "a" was declared but never referenced
test.c(31): error: A1516E: Bad symbol '_print_regs', not defined or external
test.c(35): warning: A1581W: Added 2 bytes of padding at address 0xe
Target not created
Build target 'Target 1'
compiling test.c...
test.c(38): warning:  #177-D: variable "a" was declared but never referenced
test.c(31): error: A1516E: Bad symbol '_print_regs', not defined or external
test.c(35): warning: A1581W: Added 2 bytes of padding at address 0xe
Target not created
Build target 'Target 1'
compiling test.c...
test.c(38): warning:  #177-D: variable "a" was declared but never referenced
test.c(31): error: A1516E: Bad symbol '_print_regs', not defined or external
test.c(35): warning: A1581W: Added 2 bytes of padding at address 0xe
Target not created
Build target 'Target 1'
compiling test.c...
test.c(39): warning:  #177-D: variable "a" was declared but never referenced
test.c(36): warning: A1581W: Added 2 bytes of padding at address 0xe
linking...
cortex_m3_test.axf: Warning: L6306W: '~PRES8 (The user did not require code to preserve 8-byte data objects)' section test.o(ei.print_regs) should not use the address of 'REQ8 (Code was permitted to depend on the 8-byte aligment of 8-byte data items)' function _print_regs.
Program Size: Code=396 RO-data=208 RW-data=0 ZI-data=4192  
FromELF: creating hex file...
User command #1: C:\Keil\ARM\BIN40\fromelf.exe --bin -o ./test.bin ./cortex_m3_test.axf
User command #2: C:\Keil\ARM\BIN40\fromelf.exe -c -o ./test.txt ./cortex_m3_test.axf
"cortex_m3_test.axf" - 0 Error(s), 3 Warning(s).
Build target 'Target 1'
compiling test.c...
test.c(40): warning:  #177-D: variable "a" was declared but never referenced
linking...
cortex_m3_test.axf: Warning: L6306W: '~PRES8 (The user did not require code to preserve 8-byte data objects)' section test.o(ei.print_regs) should not use the address of 'REQ8 (Code was permitted to depend on the 8-byte aligment of 8-byte data items)' function _print_regs.
Program Size: Code=396 RO-data=208 RW-data=0 ZI-data=4192  
FromELF: creating hex file...
User command #1: C:\Keil\ARM\BIN40\fromelf.exe --bin -o ./test.bin ./cortex_m3_test.axf
User command #2: C:\Keil\ARM\BIN40\fromelf.exe -c -o ./test.txt ./cortex_m3_test.axf
"cortex_m3_test.axf" - 0 Error(s), 2 Warning(s).
Build target 'Target 1'
compiling test.c...
test.c(40): warning:  #177-D: variable "a" was declared but never referenced
linking...
Program Size: Code=384 RO-data=208 RW-data=0 ZI-data=4192  
FromELF: creating hex file...
User command #1: C:\Keil\ARM\BIN40\fromelf.exe --bin -o ./test.bin ./cortex_m3_test.axf
User command #2: C:\Keil\ARM\BIN40\fromelf.exe -c -o ./test.txt ./cortex_m3_test.axf
"cortex_m3_test.axf" - 0 Error(s), 1 Warning(s).
Build target 'Target 1'
compiling test.c...
test.c(41): warning:  #177-D: variable "a" was declared but never referenced
linking...
Program Size: Code=980 RO-data=224 RW-data=8 ZI-data=4192  
FromELF: creating hex file...
User command #1: C:\Keil\ARM\BIN40\fromelf.exe --bin -o ./test.bin ./cortex_m3_test.axf
User command #2: C:\Keil\ARM\BIN40\fromelf.exe -c -o ./test.txt ./cortex_m3_test.axf
"cortex_m3_test.axf" - 0 Error(s), 1 Warning(s).
Build target 'Target 1'
compiling test.c...
test.c(41): warning:  #177-D: variable "a" was declared but never referenced
test.c(38): warning: A1581W: Added 2 bytes of padding at address 0xe
linking...
cortex_m3_test.axf: Warning: L6306W: '~PRES8 (The user did not require code to preserve 8-byte data objects)' section test.o(ei.print_regs) should not use the address of 'REQ8 (Code was permitted to depend on the 8-byte aligment of 8-byte data items)' function _print_regs.
Program Size: Code=992 RO-data=224 RW-data=8 ZI-data=4192  
FromELF: creating hex file...
User command #1: C:\Keil\ARM\BIN40\fromelf.exe --bin -o ./test.bin ./cortex_m3_test.axf
User command #2: C:\Keil\ARM\BIN40\fromelf.exe -c -o ./test.txt ./cortex_m3_test.axf
"cortex_m3_test.axf" - 0 Error(s), 3 Warning(s).
Build target 'Target 1'
compiling test.c...
test.c(41): warning:  #177-D: variable "a" was declared but never referenced
test.c(38): warning: A1581W: Added 2 bytes of padding at address 0xe
linking...
cortex_m3_test.axf: Warning: L6306W: '~PRES8 (The user did not require code to preserve 8-byte data objects)' section test.o(ei.print_regs) should not use the address of 'REQ8 (Code was permitted to depend on the 8-byte aligment of 8-byte data items)' function _print_regs.
Program Size: Code=962 RO-data=266 RW-data=8 ZI-data=4192  
FromELF: creating hex file...
User command #1: C:\Keil\ARM\BIN40\fromelf.exe --bin -o ./test.bin ./cortex_m3_test.axf
User command #2: C:\Keil\ARM\BIN40\fromelf.exe -c -o ./test.txt ./cortex_m3_test.axf
"cortex_m3_test.axf" - 0 Error(s), 3 Warning(s).
Build target 'Target 1'
compiling test.c...
test.c(40): warning:  #177-D: variable "a" was declared but never referenced
test.c(37): warning: A1581W: Added 2 bytes of padding at address 0xe
linking...
cortex_m3_test.axf: Warning: L6306W: '~PRES8 (The user did not require code to preserve 8-byte data objects)' section test.o(ei.print_regs) should not use the address of 'REQ8 (Code was permitted to depend on the 8-byte aligment of 8-byte data items)' function _print_regs.
Program Size: Code=962 RO-data=266 RW-data=8 ZI-data=4192  
FromELF: creating hex file...
User command #1: C:\Keil\ARM\BIN40\fromelf.exe --bin -o ./test.bin ./cortex_m3_test.axf
User command #2: C:\Keil\ARM\BIN40\fromelf.exe -c -o ./test.txt ./cortex_m3_test.axf
"cortex_m3_test.axf" - 0 Error(s), 3 Warning(s).
Build target 'Target 1'
compiling test.c...
test.c(40): warning:  #550-D: variable "a" was set but never used
test.c(37): warning: A1581W: Added 2 bytes of padding at address 0xe
linking...
cortex_m3_test.axf: Warning: L6306W: '~PRES8 (The user did not require code to preserve 8-byte data objects)' section test.o(ei.print_regs) should not use the address of 'REQ8 (Code was permitted to depend on the 8-byte aligment of 8-byte data items)' function _print_regs.
Program Size: Code=970 RO-data=266 RW-data=8 ZI-data=4192  
FromELF: creating hex file...
User command #1: C:\Keil\ARM\BIN40\fromelf.exe --bin -o ./test.bin ./cortex_m3_test.axf
User command #2: C:\Keil\ARM\BIN40\fromelf.exe -c -o ./test.txt ./cortex_m3_test.axf
"cortex_m3_test.axf" - 0 Error(s), 3 Warning(s).
Build target 'Target 1'
compiling test.c...
test.c(39): warning:  #550-D: variable "a" was set but never used
test.c(36): warning: A1581W: Added 2 bytes of padding at address 0xe
linking...
cortex_m3_test.axf: Warning: L6306W: '~PRES8 (The user did not require code to preserve 8-byte data objects)' section test.o(ei.print_regs) should not use the address of 'REQ8 (Code was permitted to depend on the 8-byte aligment of 8-byte data items)' function _print_regs.
Program Size: Code=970 RO-data=266 RW-data=8 ZI-data=4192  
FromELF: creating hex file...
User command #1: C:\Keil\ARM\BIN40\fromelf.exe --bin -o ./test.bin ./cortex_m3_test.axf
User command #2: C:\Keil\ARM\BIN40\fromelf.exe -c -o ./test.txt ./cortex_m3_test.axf
"cortex_m3_test.axf" - 0 Error(s), 3 Warning(s).
Build target 'Target 1'
compiling test.c...
test.c(39): warning:  #550-D: variable "a" was set but never used
test.c(36): warning: A1581W: Added 2 bytes of padding at address 0xe
linking...
cortex_m3_test.axf: Warning: L6306W: '~PRES8 (The user did not require code to preserve 8-byte data objects)' section test.o(ei.print_regs) should not use the address of 'REQ8 (Code was permitted to depend on the 8-byte aligment of 8-byte data items)' function _print_regs.
Program Size: Code=970 RO-data=266 RW-data=8 ZI-data=4192  
FromELF: creating hex file...
User command #1: C:\Keil\ARM\BIN40\fromelf.exe --bin -o ./test.bin ./cortex_m3_test.axf
User command #2: C:\Keil\ARM\BIN40\fromelf.exe -c -o ./test.txt ./cortex_m3_test.axf
"cortex_m3_test.axf" - 0 Error(s), 3 Warning(s).
Build target 'Target 1'
compiling test.c...
test.c(39): warning:  #550-D: variable "a" was set but never used
test.c(29): error: A1205E: Register 14 occurs multiply in list
test.c(34): error: A1477E: This register combination results in UNPREDICTABLE behaviour
Target not created
Build target 'Target 1'
compiling test.c...
test.c(39): warning:  #550-D: variable "a" was set but never used
test.c(29): error: A1891E: With this register combination, writeback results in UNPREDICTABLE behaviour
test.c(34): error: A1891E: With this register combination, writeback results in UNPREDICTABLE behaviour
Target not created
Build target 'Target 1'
compiling test.c...
test.c(39): warning:  #550-D: variable "a" was set but never used
test.c(36): warning: A1581W: Added 2 bytes of padding at address 0xe
linking...
cortex_m3_test.axf: Warning: L6306W: '~PRES8 (The user did not require code to preserve 8-byte data objects)' section test.o(ei.print_regs) should not use the address of 'REQ8 (Code was permitted to depend on the 8-byte aligment of 8-byte data items)' function _print_regs.
Program Size: Code=970 RO-data=266 RW-data=8 ZI-data=4192  
FromELF: creating hex file...
User command #1: C:\Keil\ARM\BIN40\fromelf.exe --bin -o ./test.bin ./cortex_m3_test.axf
User command #2: C:\Keil\ARM\BIN40\fromelf.exe -c -o ./test.txt ./cortex_m3_test.axf
"cortex_m3_test.axf" - 0 Error(s), 3 Warning(s).
Build target 'Target 1'
compiling test.c...
test.c(39): warning:  #550-D: variable "a" was set but never used
test.c(36): warning: A1581W: Added 2 bytes of padding at address 0xe
linking...
cortex_m3_test.axf: Warning: L6306W: '~PRES8 (The user did not require code to preserve 8-byte data objects)' section test.o(ei.print_regs) should not use the address of 'REQ8 (Code was permitted to depend on the 8-byte aligment of 8-byte data items)' function _print_regs.
Program Size: Code=970 RO-data=266 RW-data=8 ZI-data=4192  
FromELF: creating hex file...
User command #1: C:\Keil\ARM\BIN40\fromelf.exe --bin -o ./test.bin ./cortex_m3_test.axf
User command #2: C:\Keil\ARM\BIN40\fromelf.exe -c -o ./test.txt ./cortex_m3_test.axf
"cortex_m3_test.axf" - 0 Error(s), 3 Warning(s).
Build target 'Target 1'
compiling test.c...
test.c(39): warning:  #550-D: variable "a" was set but never used
test.c(36): warning: A1581W: Added 2 bytes of padding at address 0xe
linking...
cortex_m3_test.axf: Warning: L6306W: '~PRES8 (The user did not require code to preserve 8-byte data objects)' section test.o(ei.print_regs) should not use the address of 'REQ8 (Code was permitted to depend on the 8-byte aligment of 8-byte data items)' function _print_regs.
Program Size: Code=962 RO-data=266 RW-data=8 ZI-data=4192  
FromELF: creating hex file...
User command #1: C:\Keil\ARM\BIN40\fromelf.exe --bin -o ./test.bin ./cortex_m3_test.axf
User command #2: C:\Keil\ARM\BIN40\fromelf.exe -c -o ./test.txt ./cortex_m3_test.axf
"cortex_m3_test.axf" - 0 Error(s), 3 Warning(s).
Build target 'Target 1'
compiling test.c...
test.c(26): warning:  #225-D: the format string ends before this argument
test.c(42): warning:  #550-D: variable "a" was set but never used
test.c(39): warning: A1581W: Added 2 bytes of padding at address 0xe
linking...
cortex_m3_test.axf: Warning: L6306W: '~PRES8 (The user did not require code to preserve 8-byte data objects)' section test.o(ei.print_regs) should not use the address of 'REQ8 (Code was permitted to depend on the 8-byte aligment of 8-byte data items)' function _print_regs.
Program Size: Code=982 RO-data=266 RW-data=8 ZI-data=4192  
FromELF: creating hex file...
User command #1: C:\Keil\ARM\BIN40\fromelf.exe --bin -o ./test.bin ./cortex_m3_test.axf
User command #2: C:\Keil\ARM\BIN40\fromelf.exe -c -o ./test.txt ./cortex_m3_test.axf
"cortex_m3_test.axf" - 0 Error(s), 4 Warning(s).
Build target 'Target 1'
compiling test.c...
test.c(42): warning:  #550-D: variable "a" was set but never used
test.c(39): warning: A1581W: Added 2 bytes of padding at address 0xe
linking...
cortex_m3_test.axf: Warning: L6306W: '~PRES8 (The user did not require code to preserve 8-byte data objects)' section test.o(ei.print_regs) should not use the address of 'REQ8 (Code was permitted to depend on the 8-byte aligment of 8-byte data items)' function _print_regs.
Program Size: Code=1110 RO-data=266 RW-data=8 ZI-data=4192  
FromELF: creating hex file...
User command #1: C:\Keil\ARM\BIN40\fromelf.exe --bin -o ./test.bin ./cortex_m3_test.axf
User command #2: C:\Keil\ARM\BIN40\fromelf.exe -c -o ./test.txt ./cortex_m3_test.axf
"cortex_m3_test.axf" - 0 Error(s), 3 Warning(s).
Build target 'Target 1'
compiling test.c...
test.c(42): warning:  #550-D: variable "a" was set but never used
test.c(39): warning: A1581W: Added 2 bytes of padding at address 0xe
linking...
cortex_m3_test.axf: Warning: L6306W: '~PRES8 (The user did not require code to preserve 8-byte data objects)' section test.o(ei.print_regs) should not use the address of 'REQ8 (Code was permitted to depend on the 8-byte aligment of 8-byte data items)' function _print_regs.
Program Size: Code=1106 RO-data=266 RW-data=8 ZI-data=4192  
FromELF: creating hex file...
User command #1: C:\Keil\ARM\BIN40\fromelf.exe --bin -o ./test.bin ./cortex_m3_test.axf
User command #2: C:\Keil\ARM\BIN40\fromelf.exe -c -o ./test.txt ./cortex_m3_test.axf
"cortex_m3_test.axf" - 0 Error(s), 3 Warning(s).
Build target 'Target 1'
compiling test.c...
test.c(42): warning:  #550-D: variable "a" was set but never used
test.c(39): warning: A1581W: Added 2 bytes of padding at address 0xe
linking...
cortex_m3_test.axf: Warning: L6306W: '~PRES8 (The user did not require code to preserve 8-byte data objects)' section test.o(ei.print_regs) should not use the address of 'REQ8 (Code was permitted to depend on the 8-byte aligment of 8-byte data items)' function _print_regs.
Program Size: Code=1106 RO-data=266 RW-data=8 ZI-data=4192  
FromELF: creating hex file...
User command #1: C:\Keil\ARM\BIN40\fromelf.exe --bin -o ./test.bin ./cortex_m3_test.axf
User command #2: C:\Keil\ARM\BIN40\fromelf.exe -c -o ./test.txt ./cortex_m3_test.axf
"cortex_m3_test.axf" - 0 Error(s), 3 Warning(s).
Build target 'Target 1'
compiling test.c...
test.c(42): warning:  #550-D: variable "a" was set but never used
test.c(39): warning: A1581W: Added 2 bytes of padding at address 0xe
linking...
Program Size: Code=1106 RO-data=266 RW-data=8 ZI-data=4192  
FromELF: creating hex file...
User command #1: C:\Keil\ARM\BIN40\fromelf.exe --bin -o ./test.bin ./cortex_m3_test.axf
User command #2: C:\Keil\ARM\BIN40\fromelf.exe -c -o ./test.txt ./cortex_m3_test.axf
"cortex_m3_test.axf" - 0 Error(s), 2 Warning(s).
Rebuild target 'Target 1'
assembling start.s...
compiling test.c...
test.c(42): warning:  #550-D: variable "a" was set but never used
test.c(39): warning: A1581W: Added 2 bytes of padding at address 0xe
linking...
Program Size: Code=1102 RO-data=266 RW-data=8 ZI-data=4192  
FromELF: creating hex file...
User command #1: C:\Keil\ARM\BIN40\fromelf.exe --bin -o ./test.bin ./cortex_m3_test.axf
User command #2: C:\Keil\ARM\BIN40\fromelf.exe -c -o ./test.txt ./cortex_m3_test.axf
"cortex_m3_test.axf" - 0 Error(s), 2 Warning(s).
Build target 'Target 1'
compiling test.c...
test.c(42): warning:  #550-D: variable "a" was set but never used
test.c(39): warning: A1581W: Added 2 bytes of padding at address 0xe
linking...
Program Size: Code=1102 RO-data=266 RW-data=8 ZI-data=4192  
FromELF: creating hex file...
User command #1: C:\Keil\ARM\BIN40\fromelf.exe --bin -o ./test.bin ./cortex_m3_test.axf
User command #2: C:\Keil\ARM\BIN40\fromelf.exe -c -o ./test.txt ./cortex_m3_test.axf
"cortex_m3_test.axf" - 0 Error(s), 2 Warning(s).
Build target 'Target 1'
assembling start.s...
start.s(125): error: A1516E: Bad symbol 'PRINT_REG', not defined or external
Target not created
Build target 'Target 1'
assembling start.s...
linking...
cortex_m3_test.axf: Error: L6218E: Undefined symbol PRINT_REG (referred from start.o).
Target not created
Build target 'Target 1'
assembling start.s...
linking...
Program Size: Code=1130 RO-data=266 RW-data=8 ZI-data=4192  
FromELF: creating hex file...
User command #1: C:\Keil\ARM\BIN40\fromelf.exe --bin -o ./test.bin ./cortex_m3_test.axf
User command #2: C:\Keil\ARM\BIN40\fromelf.exe -c -o ./test.txt ./cortex_m3_test.axf
"cortex_m3_test.axf" - 0 Error(s), 0 Warning(s).
Build target 'Target 1'
assembling start.s...
start.s(134): error: A1647E: Bad register name symbol, expected Integer register
Target not created
Build target 'Target 1'
assembling start.s...
start.s(134): error: A1647E: Bad register name symbol, expected Integer register
Target not created
Build target 'Target 1'
assembling start.s...
linking...
Program Size: Code=1122 RO-data=266 RW-data=8 ZI-data=4192  
FromELF: creating hex file...
User command #1: C:\Keil\ARM\BIN40\fromelf.exe --bin -o ./test.bin ./cortex_m3_test.axf
User command #2: C:\Keil\ARM\BIN40\fromelf.exe -c -o ./test.txt ./cortex_m3_test.axf
"cortex_m3_test.axf" - 0 Error(s), 0 Warning(s).
Build target 'Target 1'
assembling start.s...
start.s(122): error: A1158E: Illegal line start, should be blank
start.s(135): error: A1163E: Unknown opcode PRINT_REG , expecting opcode or Macro
Target not created
Build target 'Target 1'
assembling start.s...
start.s(136): error: A1163E: Unknown opcode PRINT_REG , expecting opcode or Macro
Target not created
Build target 'Target 1'
assembling start.s...
start.s(123): error: A1167E: Invalid line start 
start.s(136): error: A1163E: Unknown opcode PRINT_REG , expecting opcode or Macro
Target not created
Build target 'Target 1'
assembling start.s...
start.s(123): error: A1203E: Illegal label parameter start in macro prototype
Target not created
Build target 'Target 1'
assembling start.s...
linking...
Program Size: Code=1122 RO-data=266 RW-data=8 ZI-data=4192  
FromELF: creating hex file...
User command #1: C:\Keil\ARM\BIN40\fromelf.exe --bin -o ./test.bin ./cortex_m3_test.axf
User command #2: C:\Keil\ARM\BIN40\fromelf.exe -c -o ./test.txt ./cortex_m3_test.axf
"cortex_m3_test.axf" - 0 Error(s), 0 Warning(s).
Build target 'Target 1'
assembling start.s...
start.s(123): error: A1163E: Unknown opcode PRINT_REG , expecting opcode or Macro
start.s(136): error: A1163E: Unknown opcode PRINT_REG , expecting opcode or Macro
Target not created
Build target 'Target 1'
assembling start.s...
linking...
Program Size: Code=1122 RO-data=266 RW-data=8 ZI-data=4192  
FromELF: creating hex file...
User command #1: C:\Keil\ARM\BIN40\fromelf.exe --bin -o ./test.bin ./cortex_m3_test.axf
User command #2: C:\Keil\ARM\BIN40\fromelf.exe -c -o ./test.txt ./cortex_m3_test.axf
"cortex_m3_test.axf" - 0 Error(s), 0 Warning(s).
Build target 'Target 1'
assembling start.s...
start.s(136): error: A1891E: With this register combination, writeback results in UNPREDICTABLE behaviour
start.s:     at line 124 in macro PRINT_REG in 'start.s'
start.s: 
start.s(136): error: A1477E: This register combination results in UNPREDICTABLE behaviour
start.s:     at line 129 in macro PRINT_REG in 'start.s'
start.s: 
Target not created
Build target 'Target 1'
assembling start.s...
start.s(136): error: A1891E: With this register combination, writeback results in UNPREDICTABLE behaviour
start.s:     at line 124 in macro PRINT_REG in 'start.s'
start.s: 
start.s(136): error: A1891E: With this register combination, writeback results in UNPREDICTABLE behaviour
start.s:     at line 129 in macro PRINT_REG in 'start.s'
start.s: 
Target not created
Build target 'Target 1'
assembling start.s...
linking...
Program Size: Code=1122 RO-data=266 RW-data=8 ZI-data=4192  
FromELF: creating hex file...
User command #1: C:\Keil\ARM\BIN40\fromelf.exe --bin -o ./test.bin ./cortex_m3_test.axf
User command #2: C:\Keil\ARM\BIN40\fromelf.exe -c -o ./test.txt ./cortex_m3_test.axf
"cortex_m3_test.axf" - 0 Error(s), 0 Warning(s).
Build target 'Target 1'
assembling start.s...
linking...
Program Size: Code=1122 RO-data=266 RW-data=8 ZI-data=4192  
FromELF: creating hex file...
User command #1: C:\Keil\ARM\BIN40\fromelf.exe --bin -o ./test.bin ./cortex_m3_test.axf
User command #2: C:\Keil\ARM\BIN40\fromelf.exe -c -o ./test.txt ./cortex_m3_test.axf
"cortex_m3_test.axf" - 0 Error(s), 0 Warning(s).
Build target 'Target 1'
assembling start.s...
start.s(136): error: A1477E: This register combination results in UNPREDICTABLE behaviour
start.s:     at line 124 in macro PRINT_REG in 'start.s'
start.s: 
start.s(136): error: A1477E: This register combination results in UNPREDICTABLE behaviour
start.s:     at line 129 in macro PRINT_REG in 'start.s'
start.s: 
Target not created
Build target 'Target 1'
assembling start.s...
start.s(137): warning: A1609W: MOV <rd>,pc instruction does not set bit zero, so does not create a return address
start.s:     at line 127 in macro PRINT_REG in 'start.s'
start.s: 
linking...
Program Size: Code=1122 RO-data=266 RW-data=8 ZI-data=4192  
FromELF: creating hex file...
User command #1: C:\Keil\ARM\BIN40\fromelf.exe --bin -o ./test.bin ./cortex_m3_test.axf
User command #2: C:\Keil\ARM\BIN40\fromelf.exe -c -o ./test.txt ./cortex_m3_test.axf
"cortex_m3_test.axf" - 0 Error(s), 1 Warning(s).
Build target 'Target 1'
assembling start.s...
start.s(138): warning: A1865W: '#' not seen before constant expression
start.s:     at line 128 in macro PRINT_REG in 'start.s'
start.s: 
start.s(138): warning: A1609W: MOV <rd>,pc instruction does not set bit zero, so does not create a return address
start.s:     at line 127 in macro PRINT_REG in 'start.s'
start.s: 
start.s(138): error: A1516E: Bad symbol 'PSR', not defined or external
start.s:     at line 128 in macro PRINT_REG in 'start.s'
start.s: 
Target not created
Build target 'Target 1'
assembling start.s...
start.s(138): warning: A1609W: MOV <rd>,pc instruction does not set bit zero, so does not create a return address
start.s:     at line 127 in macro PRINT_REG in 'start.s'
start.s: 
linking...
Program Size: Code=1126 RO-data=266 RW-data=8 ZI-data=4192  
FromELF: creating hex file...
User command #1: C:\Keil\ARM\BIN40\fromelf.exe --bin -o ./test.bin ./cortex_m3_test.axf
User command #2: C:\Keil\ARM\BIN40\fromelf.exe -c -o ./test.txt ./cortex_m3_test.axf
"cortex_m3_test.axf" - 0 Error(s), 1 Warning(s).
Build target 'Target 1'
assembling start.s...
start.s(139): warning: A1609W: MOV <rd>,pc instruction does not set bit zero, so does not create a return address
start.s:     at line 124 in macro PRINT_REG in 'start.s'
start.s: 
compiling test.c...
test.c(32): error:  #20: identifier "PC" is undefined
test.c(48): warning:  #550-D: variable "a" was set but never used
Target not created
Build target 'Target 1'
compiling test.c...
test.c(48): warning:  #550-D: variable "a" was set but never used
test.c(45): warning: A1581W: Added 2 bytes of padding at address 0xe
linking...
Program Size: Code=1214 RO-data=266 RW-data=8 ZI-data=4192  
FromELF: creating hex file...
User command #1: C:\Keil\ARM\BIN40\fromelf.exe --bin -o ./test.bin ./cortex_m3_test.axf
User command #2: C:\Keil\ARM\BIN40\fromelf.exe -c -o ./test.txt ./cortex_m3_test.axf
"cortex_m3_test.axf" - 0 Error(s), 2 Warning(s).
Build target 'Target 1'
assembling start.s...
start.s(141): warning: A1609W: MOV <rd>,pc instruction does not set bit zero, so does not create a return address
start.s:     at line 124 in macro PRINT_REG in 'start.s'
start.s: 
linking...
Program Size: Code=1218 RO-data=266 RW-data=8 ZI-data=4192  
FromELF: creating hex file...
User command #1: C:\Keil\ARM\BIN40\fromelf.exe --bin -o ./test.bin ./cortex_m3_test.axf
User command #2: C:\Keil\ARM\BIN40\fromelf.exe -c -o ./test.txt ./cortex_m3_test.axf
"cortex_m3_test.axf" - 0 Error(s), 1 Warning(s).
Build target 'Target 1'
linking...
Program Size: Code=1218 RO-data=266 RW-data=8 ZI-data=4192  
FromELF: creating hex file...
User command #1: C:\Keil\ARM\BIN40\fromelf.exe --bin -o ./test.bin ./cortex_m3_test.axf
User command #2: C:\Keil\ARM\BIN40\fromelf.exe -c -o ./test.txt ./cortex_m3_test.axf
"cortex_m3_test.axf" - 0 Error(s), 0 Warning(s).
Build target 'Target 1'
assembling start.s...
start.s(141): warning: A1609W: MOV <rd>,pc instruction does not set bit zero, so does not create a return address
start.s:     at line 126 in macro PRINT_REG in 'start.s'
start.s: 
linking...
Program Size: Code=1218 RO-data=266 RW-data=8 ZI-data=4192  
FromELF: creating hex file...
User command #1: C:\Keil\ARM\BIN40\fromelf.exe --bin -o ./test.bin ./cortex_m3_test.axf
User command #2: C:\Keil\ARM\BIN40\fromelf.exe -c -o ./test.txt ./cortex_m3_test.axf
"cortex_m3_test.axf" - 0 Error(s), 1 Warning(s).
Build target 'Target 1'
compiling test.c...
test.c(48): warning:  #550-D: variable "a" was set but never used
test.c(45): warning: A1581W: Added 2 bytes of padding at address 0xe
linking...
Program Size: Code=1214 RO-data=266 RW-data=8 ZI-data=4192  
FromELF: creating hex file...
User command #1: C:\Keil\ARM\BIN40\fromelf.exe --bin -o ./test.bin ./cortex_m3_test.axf
User command #2: C:\Keil\ARM\BIN40\fromelf.exe -c -o ./test.txt ./cortex_m3_test.axf
"cortex_m3_test.axf" - 0 Error(s), 2 Warning(s).
Build target 'Target 1'
assembling start.s...
start.s(148): warning: A1464W: ENDP/ENDFUNC without corresponding PROC/FUNC
start.s(140): warning: A1609W: MOV <rd>,pc instruction does not set bit zero, so does not create a return address
start.s:     at line 126 in macro PRINT_REG in 'start.s'
start.s: 
compiling test.c...
linking...
cortex_m3_test.axf: Error: L6218E: Undefined symbol _print_regs (referred from start.o).
Target not created
Build target 'Target 1'
assembling start.s...
start.s(140): warning: A1609W: MOV <rd>,pc instruction does not set bit zero, so does not create a return address
start.s:     at line 126 in macro PRINT_REG in 'start.s'
start.s: 
linking...
cortex_m3_test.axf: Error: L6218E: Undefined symbol _print_regs (referred from start.o).
Target not created
Build target 'Target 1'
linking...
cortex_m3_test.axf: Error: L6218E: Undefined symbol _print_regs (referred from start.o).
Target not created
Build target 'Target 1'
compiling test.c...
linking...
Program Size: Code=1176 RO-data=264 RW-data=8 ZI-data=4192  
FromELF: creating hex file...
User command #1: C:\Keil\ARM\BIN40\fromelf.exe --bin -o ./test.bin ./cortex_m3_test.axf
User command #2: C:\Keil\ARM\BIN40\fromelf.exe -c -o ./test.txt ./cortex_m3_test.axf
"cortex_m3_test.axf" - 0 Error(s), 0 Warning(s).
Build target 'Target 1'
assembling start.s...
start.s(140): warning: A1609W: MOV <rd>,pc instruction does not set bit zero, so does not create a return address
start.s:     at line 126 in macro PRINT_REG in 'start.s'
start.s: 
linking...
Program Size: Code=1176 RO-data=264 RW-data=8 ZI-data=4192  
FromELF: creating hex file...
User command #1: C:\Keil\ARM\BIN40\fromelf.exe --bin -o ./test.bin ./cortex_m3_test.axf
User command #2: C:\Keil\ARM\BIN40\fromelf.exe -c -o ./test.txt ./cortex_m3_test.axf
"cortex_m3_test.axf" - 0 Error(s), 1 Warning(s).
Build target 'Target 1'
assembling start.s...
start.s(141): warning: A1609W: MOV <rd>,pc instruction does not set bit zero, so does not create a return address
start.s:     at line 126 in macro PRINT_REG in 'start.s'
start.s: 
linking...
Program Size: Code=1176 RO-data=264 RW-data=8 ZI-data=4192  
FromELF: creating hex file...
User command #1: C:\Keil\ARM\BIN40\fromelf.exe --bin -o ./test.bin ./cortex_m3_test.axf
User command #2: C:\Keil\ARM\BIN40\fromelf.exe -c -o ./test.txt ./cortex_m3_test.axf
"cortex_m3_test.axf" - 0 Error(s), 1 Warning(s).
Build target 'Target 1'
assembling start.s...
start.s(141): warning: A1609W: MOV <rd>,pc instruction does not set bit zero, so does not create a return address
start.s:     at line 126 in macro PRINT_REG in 'start.s'
start.s: 
linking...
Program Size: Code=1176 RO-data=264 RW-data=8 ZI-data=4192  
FromELF: creating hex file...
User command #1: C:\Keil\ARM\BIN40\fromelf.exe --bin -o ./test.bin ./cortex_m3_test.axf
User command #2: C:\Keil\ARM\BIN40\fromelf.exe -c -o ./test.txt ./cortex_m3_test.axf
"cortex_m3_test.axf" - 0 Error(s), 1 Warning(s).
Build target 'Target 1'
assembling start.s...
start.s(141): warning: A1609W: MOV <rd>,pc instruction does not set bit zero, so does not create a return address
start.s:     at line 126 in macro PRINT_REG in 'start.s'
start.s: 
linking...
Program Size: Code=1176 RO-data=264 RW-data=8 ZI-data=4192  
FromELF: creating hex file...
User command #1: C:\Keil\ARM\BIN40\fromelf.exe --bin -o ./test.bin ./cortex_m3_test.axf
User command #2: C:\Keil\ARM\BIN40\fromelf.exe -c -o ./test.txt ./cortex_m3_test.axf
"cortex_m3_test.axf" - 0 Error(s), 1 Warning(s).
Rebuild target 'Target 1'
assembling start.s...
start.s(141): warning: A1609W: MOV <rd>,pc instruction does not set bit zero, so does not create a return address
start.s:     at line 126 in macro PRINT_REG in 'start.s'
start.s: 
compiling test.c...
linking...
Program Size: Code=1176 RO-data=264 RW-data=8 ZI-data=4192  
FromELF: creating hex file...
User command #1: C:\Keil\ARM\BIN40\fromelf.exe --bin -o ./test.bin ./cortex_m3_test.axf
User command #2: C:\Keil\ARM\BIN40\fromelf.exe -c -o ./test.txt ./cortex_m3_test.axf
"cortex_m3_test.axf" - 0 Error(s), 1 Warning(s).
Build target 'Target 1'
assembling start.s...
start.s(141): warning: A1609W: MOV <rd>,pc instruction does not set bit zero, so does not create a return address
start.s:     at line 126 in macro PRINT_REG in 'start.s'
start.s: 
linking...
Program Size: Code=1176 RO-data=264 RW-data=8 ZI-data=4192  
FromELF: creating hex file...
User command #1: C:\Keil\ARM\BIN40\fromelf.exe --bin -o ./test.bin ./cortex_m3_test.axf
User command #2: C:\Keil\ARM\BIN40\fromelf.exe -c -o ./test.txt ./cortex_m3_test.axf
"cortex_m3_test.axf" - 0 Error(s), 1 Warning(s).
Build target 'Target 1'
assembling start.s...
start.s(142): warning: A1609W: MOV <rd>,pc instruction does not set bit zero, so does not create a return address
start.s:     at line 126 in macro PRINT_REG in 'start.s'
start.s: 
linking...
Program Size: Code=1180 RO-data=264 RW-data=8 ZI-data=4192  
FromELF: creating hex file...
User command #1: C:\Keil\ARM\BIN40\fromelf.exe --bin -o ./test.bin ./cortex_m3_test.axf
User command #2: C:\Keil\ARM\BIN40\fromelf.exe -c -o ./test.txt ./cortex_m3_test.axf
"cortex_m3_test.axf" - 0 Error(s), 1 Warning(s).
Rebuild target 'Target 1'
assembling start.s...
start.s(142): warning: A1609W: MOV <rd>,pc instruction does not set bit zero, so does not create a return address
start.s:     at line 126 in macro PRINT_REG in 'start.s'
start.s: 
compiling test.c...
linking...
Program Size: Code=1180 RO-data=264 RW-data=8 ZI-data=4192  
FromELF: creating hex file...
User command #1: C:\Keil\ARM\BIN40\fromelf.exe --bin -o ./test.bin ./cortex_m3_test.axf
User command #2: C:\Keil\ARM\BIN40\fromelf.exe -c -o ./test.txt ./cortex_m3_test.axf
"cortex_m3_test.axf" - 0 Error(s), 1 Warning(s).
Build target 'Target 1'
assembling start.s...
start.s(143): error: A1477E: This register combination results in UNPREDICTABLE behaviour
start.s:     at line 127 in macro PRINT_REG in 'start.s'
start.s: 
Target not created
Build target 'Target 1'
assembling start.s...
start.s(143): warning: A1609W: MOV <rd>,pc instruction does not set bit zero, so does not create a return address
start.s:     at line 126 in macro PRINT_REG in 'start.s'
start.s: 
linking...
Program Size: Code=1184 RO-data=264 RW-data=8 ZI-data=4192  
FromELF: creating hex file...
User command #1: C:\Keil\ARM\BIN40\fromelf.exe --bin -o ./test.bin ./cortex_m3_test.axf
User command #2: C:\Keil\ARM\BIN40\fromelf.exe -c -o ./test.txt ./cortex_m3_test.axf
"cortex_m3_test.axf" - 0 Error(s), 1 Warning(s).
Build target 'Target 1'
assembling start.s...
start.s(143): warning: A1609W: MOV <rd>,pc instruction does not set bit zero, so does not create a return address
start.s:     at line 126 in macro PRINT_REG in 'start.s'
start.s: 
linking...
Program Size: Code=1184 RO-data=264 RW-data=8 ZI-data=4192  
FromELF: creating hex file...
User command #1: C:\Keil\ARM\BIN40\fromelf.exe --bin -o ./test.bin ./cortex_m3_test.axf
User command #2: C:\Keil\ARM\BIN40\fromelf.exe -c -o ./test.txt ./cortex_m3_test.axf
"cortex_m3_test.axf" - 0 Error(s), 1 Warning(s).
Build target 'Target 1'
compiling test.c...
linking...
Program Size: Code=1188 RO-data=264 RW-data=8 ZI-data=4192  
FromELF: creating hex file...
User command #1: C:\Keil\ARM\BIN40\fromelf.exe --bin -o ./test.bin ./cortex_m3_test.axf
User command #2: C:\Keil\ARM\BIN40\fromelf.exe -c -o ./test.txt ./cortex_m3_test.axf
"cortex_m3_test.axf" - 0 Error(s), 0 Warning(s).
Build target 'Target 1'
assembling start.s...
start.s(143): warning: A1609W: MOV <rd>,pc instruction does not set bit zero, so does not create a return address
start.s:     at line 126 in macro PRINT_REG in 'start.s'
start.s: 
linking...
Program Size: Code=1188 RO-data=264 RW-data=8 ZI-data=4192  
FromELF: creating hex file...
User command #1: C:\Keil\ARM\BIN40\fromelf.exe --bin -o ./test.bin ./cortex_m3_test.axf
User command #2: C:\Keil\ARM\BIN40\fromelf.exe -c -o ./test.txt ./cortex_m3_test.axf
"cortex_m3_test.axf" - 0 Error(s), 1 Warning(s).
Build target 'Target 1'
assembling start.s...
start.s(143): warning: A1609W: MOV <rd>,pc instruction does not set bit zero, so does not create a return address
start.s:     at line 126 in macro PRINT_REG in 'start.s'
start.s: 
linking...
Program Size: Code=1188 RO-data=264 RW-data=8 ZI-data=4192  
FromELF: creating hex file...
User command #1: C:\Keil\ARM\BIN40\fromelf.exe --bin -o ./test.bin ./cortex_m3_test.axf
User command #2: C:\Keil\ARM\BIN40\fromelf.exe -c -o ./test.txt ./cortex_m3_test.axf
"cortex_m3_test.axf" - 0 Error(s), 1 Warning(s).
Build target 'Target 1'
assembling start.s...
start.s(143): warning: A1609W: MOV <rd>,pc instruction does not set bit zero, so does not create a return address
start.s:     at line 126 in macro PRINT_REG in 'start.s'
start.s: 
linking...
Program Size: Code=1188 RO-data=264 RW-data=8 ZI-data=4192  
FromELF: creating hex file...
User command #1: C:\Keil\ARM\BIN40\fromelf.exe --bin -o ./test.bin ./cortex_m3_test.axf
User command #2: C:\Keil\ARM\BIN40\fromelf.exe -c -o ./test.txt ./cortex_m3_test.axf
"cortex_m3_test.axf" - 0 Error(s), 1 Warning(s).
Build target 'Target 1'
assembling start.s...
start.s(142): warning: A1609W: MOV <rd>,pc instruction does not set bit zero, so does not create a return address
start.s:     at line 126 in macro PRINT_REG in 'start.s'
start.s: 
start.s(144): warning: A1609W: MOV <rd>,pc instruction does not set bit zero, so does not create a return address
start.s:     at line 126 in macro PRINT_REG in 'start.s'
start.s: 
linking...
Program Size: Code=1220 RO-data=264 RW-data=8 ZI-data=4192  
FromELF: creating hex file...
User command #1: C:\Keil\ARM\BIN40\fromelf.exe --bin -o ./test.bin ./cortex_m3_test.axf
User command #2: C:\Keil\ARM\BIN40\fromelf.exe -c -o ./test.txt ./cortex_m3_test.axf
"cortex_m3_test.axf" - 0 Error(s), 2 Warning(s).
Build target 'Target 1'
assembling start.s...
start.s(160): warning: A1274W: '\' at end of comment
start.s(165): warning: A1274W: '\' at end of comment
start.s(170): warning: A1274W: '\' at end of comment
start.s(175): warning: A1274W: '\' at end of comment
start.s(184): warning: A1274W: '\' at end of comment
start.s(286): error: A1163E: Unknown opcode RESET, , expecting opcode or Macro
start.s(287): error: A1105E: Area directive missing
start.s(287): warning: A1088W: Faking declaration of area AREA |$$$$$$$|
Target not created
Build target 'Target 1'
assembling start.s...
start.s(1): error: A1163E: Unknown opcode RESET, , expecting opcode or Macro
start.s(2): error: A1105E: Area directive missing
start.s(2): warning: A1088W: Faking declaration of area AREA |$$$$$$$|
Target not created
Build target 'Target 1'
assembling start.s...
linking...
cortex_m3_test.axf: Warning: L6803W: Relocation #REL:1 in start.o(RESET) with respect to test.o. Thumb Branch is unlikely to reach target inmain(.text).
Program Size: Code=1242 RO-data=74 RW-data=8 ZI-data=96  
FromELF: creating hex file...
User command #1: C:\Keil\ARM\BIN40\fromelf.exe --bin -o ./test.bin ./cortex_m3_test.axf
User command #2: C:\Keil\ARM\BIN40\fromelf.exe -c -o ./test.txt ./cortex_m3_test.axf
"cortex_m3_test.axf" - 0 Error(s), 1 Warning(s).
Rebuild target 'Target 1'
assembling start.s...
compiling test.c...
linking...
cortex_m3_test.axf: Warning: L6803W: Relocation #REL:1 in start.o(RESET) with respect to test.o. Thumb Branch is unlikely to reach target inmain(.text).
Program Size: Code=1242 RO-data=74 RW-data=8 ZI-data=96  
FromELF: creating hex file...
User command #1: C:\Keil\ARM\BIN40\fromelf.exe --bin -o ./test.bin ./cortex_m3_test.axf
User command #2: C:\Keil\ARM\BIN40\fromelf.exe -c -o ./test.txt ./cortex_m3_test.axf
"cortex_m3_test.axf" - 0 Error(s), 1 Warning(s).
Build target 'Target 1'
assembling start.s...
linking...
Program Size: Code=1238 RO-data=74 RW-data=8 ZI-data=96  
FromELF: creating hex file...
User command #1: C:\Keil\ARM\BIN40\fromelf.exe --bin -o ./test.bin ./cortex_m3_test.axf
User command #2: C:\Keil\ARM\BIN40\fromelf.exe -c -o ./test.txt ./cortex_m3_test.axf
"cortex_m3_test.axf" - 0 Error(s), 0 Warning(s).
Build target 'Target 1'
assembling start.s...
linking...
Program Size: Code=1242 RO-data=74 RW-data=8 ZI-data=96  
FromELF: creating hex file...
User command #1: C:\Keil\ARM\BIN40\fromelf.exe --bin -o ./test.bin ./cortex_m3_test.axf
User command #2: C:\Keil\ARM\BIN40\fromelf.exe -c -o ./test.txt ./cortex_m3_test.axf
"cortex_m3_test.axf" - 0 Error(s), 0 Warning(s).
Build target 'Target 1'
assembling start.s...
linking...
Program Size: Code=1242 RO-data=74 RW-data=8 ZI-data=96  
FromELF: creating hex file...
User command #1: C:\Keil\ARM\BIN40\fromelf.exe --bin -o ./test.bin ./cortex_m3_test.axf
User command #2: C:\Keil\ARM\BIN40\fromelf.exe -c -o ./test.txt ./cortex_m3_test.axf
"cortex_m3_test.axf" - 0 Error(s), 0 Warning(s).
Build target 'Target 1'
assembling start.s...
linking...
Program Size: Code=1242 RO-data=74 RW-data=8 ZI-data=96  
FromELF: creating hex file...
User command #1: C:\Keil\ARM\BIN40\fromelf.exe --bin -o ./test.bin ./cortex_m3_test.axf
User command #2: C:\Keil\ARM\BIN40\fromelf.exe -c -o ./test.txt ./cortex_m3_test.axf
"cortex_m3_test.axf" - 0 Error(s), 0 Warning(s).
Build target 'Target 1'
assembling start.s...
linking...
Program Size: Code=1242 RO-data=74 RW-data=8 ZI-data=96  
FromELF: creating hex file...
User command #1: C:\Keil\ARM\BIN40\fromelf.exe --bin -o ./test.bin ./cortex_m3_test.axf
User command #2: C:\Keil\ARM\BIN40\fromelf.exe -c -o ./test.txt ./cortex_m3_test.axf
"cortex_m3_test.axf" - 0 Error(s), 0 Warning(s).
Build target 'Target 1'
assembling start.s...
linking...
Program Size: Code=1242 RO-data=74 RW-data=8 ZI-data=96  
FromELF: creating hex file...
User command #1: C:\Keil\ARM\BIN40\fromelf.exe --bin -o ./test.bin ./cortex_m3_test.axf
User command #2: C:\Keil\ARM\BIN40\fromelf.exe -c -o ./test.txt ./cortex_m3_test.axf
"cortex_m3_test.axf" - 0 Error(s), 0 Warning(s).
Build target 'Target 1'
assembling start.s...
linking...
Program Size: Code=1242 RO-data=74 RW-data=8 ZI-data=96  
FromELF: creating hex file...
User command #1: C:\Keil\ARM\BIN40\fromelf.exe --bin -o ./test.bin ./cortex_m3_test.axf
User command #2: C:\Keil\ARM\BIN40\fromelf.exe -c -o ./test.txt ./cortex_m3_test.axf
"cortex_m3_test.axf" - 0 Error(s), 0 Warning(s).
Build target 'Target 1'
assembling start.s...
linking...
Program Size: Code=1242 RO-data=74 RW-data=8 ZI-data=96  
FromELF: creating hex file...
User command #1: C:\Keil\ARM\BIN40\fromelf.exe --bin -o ./test.bin ./cortex_m3_test.axf
User command #2: C:\Keil\ARM\BIN40\fromelf.exe -c -o ./test.txt ./cortex_m3_test.axf
"cortex_m3_test.axf" - 0 Error(s), 0 Warning(s).
Build target 'Target 1'
assembling start.s...
start.s(8): error: A1816E: Unknown opcode 'RSB' in CODE16, but exists in THUMB
Target not created
Build target 'Target 1'
assembling start.s...
start.s(8): error: A1816E: Unknown opcode 'RSBS' in CODE16, but exists in THUMB
Target not created
Build target 'Target 1'
assembling start.s...
start.s(8): error: A1816E: Unknown opcode 'RSB' in CODE16, but exists in THUMB
Target not created
Build target 'Target 1'
assembling start.s...
linking...
Program Size: Code=1314 RO-data=74 RW-data=8 ZI-data=96  
FromELF: creating hex file...
User command #1: C:\Keil\ARM\BIN40\fromelf.exe --bin -o ./test.bin ./cortex_m3_test.axf
User command #2: C:\Keil\ARM\BIN40\fromelf.exe -c -o ./test.txt ./cortex_m3_test.axf
"cortex_m3_test.axf" - 0 Error(s), 0 Warning(s).
Build target 'Target 1'
compiling test.c...
linking...
Program Size: Code=1306 RO-data=74 RW-data=4 ZI-data=96  
FromELF: creating hex file...
User command #1: C:\Keil\ARM\BIN40\fromelf.exe --bin -o ./test.bin ./cortex_m3_test.axf
User command #2: C:\Keil\ARM\BIN40\fromelf.exe -c -o ./test.txt ./cortex_m3_test.axf
"cortex_m3_test.axf" - 0 Error(s), 0 Warning(s).
Build target 'Target 1'
assembling start.s...
start.s(8): error: A1816E: Unknown opcode 'RSB' in CODE16, but exists in THUMB
Target not created
Build target 'Target 1'
assembling start.s...
start.s(1): error: A1207E: Bad or unknown attribute
start.s(7): error: A1186E: Code generated in data area
start.s(8): error: A1816E: Unknown opcode 'RSB' in CODE16, but exists in THUMB
start.s(10): error: A1186E: Code generated in data area
start.s(12): error: A1186E: Code generated in data area
start.s(13): error: A1186E: Code generated in data area
start.s(15): error: A1186E: Code generated in data area
start.s(16): error: A1186E: Code generated in data area
start.s(18): error: A1186E: Code generated in data area
start.s(19): error: A1186E: Code generated in data area
start.s(20): error: A1186E: Code generated in data area
start.s(23): error: A1186E: Code generated in data area
start.s(24): error: A1186E: Code generated in data area
start.s(25): error: A1186E: Code generated in data area
start.s(27): error: A1186E: Code generated in data area
start.s(28): error: A1186E: Code generated in data area
start.s(29): error: A1186E: Code generated in data area
start.s(30): error: A1186E: Code generated in data area
start.s(32): error: A1186E: Code generated in data area
start.s(33): error: A1186E: Code generated in data area
start.s(34): error: A1186E: Code generated in data area
start.s(35): error: A1186E: Code generated in data area
start.s(37): error: A1186E: Code generated in data area
start.s(38): error: A1186E: Code generated in data area
start.s(39): error: A1186E: Code generated in data area
start.s(41): error: A1186E: Code generated in data area
start.s(42): error: A1186E: Code generated in data area
start.s(43): error: A1186E: Code generated in data area
start.s(45): error: A1186E: Code generated in data area
start.s(46): error: A1186E: Code generated in data area
start.s(47): error: A1186E: Code generated in data area
start.s(48): error: A1186E: Code generated in data area
start.s(49): error: A1186E: Code generated in data area
start.s(51): error: A1186E: Code generated in data area
start.s(54): error: A1186E: Code generated in data area
start.s(55): error: A1186E: Code generated in data area
start.s(56): error: A1186E: Code generated in data area
start.s(57): error: A1186E: Code generated in data area
start.s(58): error: A1186E: Code generated in data area
start.s(59): error: A1186E: Code generated in data area
start.s(60): error: A1186E: Code generated in data area
start.s(61): error: A1186E: Code generated in data area
start.s(62): error: A1186E: Code generated in data area
start.s(63): error: A1186E: Code generated in data area
start.s(64): error: A1186E: Code generated in data area
start.s(65): error: A1186E: Code generated in data area
start.s(66): error: A1186E: Code generated in data area
start.s(67): error: A1186E: Code generated in data area
start.s(68): error: A1186E: Code generated in data area
start.s(69): error: A1186E: Code generated in data area
Target not created
Build target 'Target 1'
assembling start.s...
start.s(8): error: A1816E: Unknown opcode 'RSB' in CODE16, but exists in THUMB
Target not created
Build target 'Target 1'
assembling start.s...
start.s(8): error: A1816E: Unknown opcode 'RSB' in CODE16, but exists in THUMB
Target not created
Rebuild target 'Target 1'
assembling start.s...
start.s(8): error: A1816E: Unknown opcode 'RSB' in CODE16, but exists in THUMB
compiling test.c...
Target not created
Rebuild target 'Target 1'
assembling start.s...
start.s(8): error: A1816E: Unknown opcode 'RSB' in CODE16, but exists in THUMB
compiling test.c...
Target not created
Build target 'Target 1'
assembling start.s...
start.s(8): error: A1816E: Unknown opcode 'RSBS' in CODE16, but exists in THUMB
Target not created
Build target 'Target 1'
assembling start.s...
start.s(8): error: A1816E: Unknown opcode 'RSBS' in CODE16, but exists in THUMB
Target not created
Build target 'Target 1'
assembling start.s...
linking...
Program Size: Code=1306 RO-data=74 RW-data=4 ZI-data=96  
FromELF: creating hex file...
User command #1: C:\Keil\ARM\BIN40\fromelf.exe --bin -o ./test.bin ./cortex_m3_test.axf
User command #2: C:\Keil\ARM\BIN40\fromelf.exe -c -o ./test.txt ./cortex_m3_test.axf
"cortex_m3_test.axf" - 0 Error(s), 0 Warning(s).
Build target 'Target 1'
assembling start.s...
start.s(6): error: A1630E: Specified processor or architecture does not support ARM instructions
start.s(7): error: A1356E: Instruction not supported on targeted CPU
start.s(8): error: A1356E: Instruction not supported on targeted CPU
start.s(10): error: A1356E: Instruction not supported on targeted CPU
start.s(12): error: A1356E: Instruction not supported on targeted CPU
start.s(13): error: A1356E: Instruction not supported on targeted CPU
start.s(15): error: A1356E: Instruction not supported on targeted CPU
start.s(16): error: A1356E: Instruction not supported on targeted CPU
start.s(18): error: A1356E: Instruction not supported on targeted CPU
start.s(19): error: A1356E: Instruction not supported on targeted CPU
start.s(20): error: A1356E: Instruction not supported on targeted CPU
start.s(23): error: A1356E: Instruction not supported on targeted CPU
start.s(24): error: A1356E: Instruction not supported on targeted CPU
start.s(25): error: A1356E: Instruction not supported on targeted CPU
start.s(27): error: A1356E: Instruction not supported on targeted CPU
start.s(28): error: A1356E: Instruction not supported on targeted CPU
start.s(29): error: A1356E: Instruction not supported on targeted CPU
start.s(30): error: A1356E: Instruction not supported on targeted CPU
start.s(32): error: A1356E: Instruction not supported on targeted CPU
start.s(33): error: A1356E: Instruction not supported on targeted CPU
start.s(34): error: A1356E: Instruction not supported on targeted CPU
start.s(35): error: A1356E: Instruction not supported on targeted CPU
start.s(37): error: A1356E: Instruction not supported on targeted CPU
start.s(38): error: A1356E: Instruction not supported on targeted CPU
start.s(39): error: A1356E: Instruction not supported on targeted CPU
start.s(41): error: A1356E: Instruction not supported on targeted CPU
start.s(42): error: A1356E: Instruction not supported on targeted CPU
start.s(43): error: A1356E: Instruction not supported on targeted CPU
start.s(45): error: A1356E: Instruction not supported on targeted CPU
start.s(46): error: A1356E: Instruction not supported on targeted CPU
start.s(47): error: A1356E: Instruction not supported on targeted CPU
start.s(48): error: A1356E: Instruction not supported on targeted CPU
start.s(49): error: A1356E: Instruction not supported on targeted CPU
start.s(51): error: A1356E: Instruction not supported on targeted CPU
start.s(54): error: A1356E: Instruction not supported on targeted CPU
start.s(55): error: A1356E: Instruction not supported on targeted CPU
start.s(56): error: A1356E: Instruction not supported on targeted CPU
start.s(57): error: A1356E: Instruction not supported on targeted CPU
start.s(58): error: A1356E: Instruction not supported on targeted CPU
start.s(59): error: A1356E: Instruction not supported on targeted CPU
start.s(60): error: A1356E: Instruction not supported on targeted CPU
start.s(61): error: A1356E: Instruction not supported on targeted CPU
start.s(62): error: A1356E: Instruction not supported on targeted CPU
start.s(63): error: A1356E: Instruction not supported on targeted CPU
start.s(64): error: A1356E: Instruction not supported on targeted CPU
start.s(65): error: A1356E: Instruction not supported on targeted CPU
start.s(66): error: A1356E: Instruction not supported on targeted CPU
start.s(67): error: A1356E: Instruction not supported on targeted CPU
start.s(68): error: A1356E: Instruction not supported on targeted CPU
start.s(69): error: A1356E: Instruction not supported on targeted CPU
Target not created
Build target 'Target 1'
assembling start.s...
linking...
Program Size: Code=1306 RO-data=74 RW-data=4 ZI-data=96  
FromELF: creating hex file...
User command #1: C:\Keil\ARM\BIN40\fromelf.exe --bin -o ./test.bin ./cortex_m3_test.axf
User command #2: C:\Keil\ARM\BIN40\fromelf.exe -c -o ./test.txt ./cortex_m3_test.axf
"cortex_m3_test.axf" - 0 Error(s), 0 Warning(s).
Build target 'Target 1'
assembling start.s...
start.s(8): error: A1816E: Unknown opcode 'RSB' in CODE16, but exists in THUMB
Target not created
Build target 'Target 1'
assembling start.s...
linking...
Program Size: Code=1234 RO-data=74 RW-data=4 ZI-data=96  
FromELF: creating hex file...
User command #1: C:\Keil\ARM\BIN40\fromelf.exe --bin -o ./test.bin ./cortex_m3_test.axf
User command #2: C:\Keil\ARM\BIN40\fromelf.exe -c -o ./test.txt ./cortex_m3_test.axf
"cortex_m3_test.axf" - 0 Error(s), 0 Warning(s).
Build target 'Target 1'
assembling start.s...
linking...
Program Size: Code=1234 RO-data=74 RW-data=4 ZI-data=96  
FromELF: creating hex file...
User command #1: C:\Keil\ARM\BIN40\fromelf.exe --bin -o ./test.bin ./cortex_m3_test.axf
User command #2: C:\Keil\ARM\BIN40\fromelf.exe -c -o ./test.txt ./cortex_m3_test.axf
"cortex_m3_test.axf" - 0 Error(s), 0 Warning(s).
Build target 'Target 1'
assembling start.s...
linking...
Program Size: Code=1238 RO-data=74 RW-data=4 ZI-data=96  
FromELF: creating hex file...
User command #1: C:\Keil\ARM\BIN40\fromelf.exe --bin -o ./test.bin ./cortex_m3_test.axf
User command #2: C:\Keil\ARM\BIN40\fromelf.exe -c -o ./test.txt ./cortex_m3_test.axf
"cortex_m3_test.axf" - 0 Error(s), 0 Warning(s).
Build target 'Target 1'
assembling start.s...
start.s(9): error: A1498E: Unexpected characters following Thumb instruction
Target not created
Build target 'Target 1'
assembling start.s...
start.s(9): error: A1498E: Unexpected characters following Thumb instruction
Target not created
Build target 'Target 1'
assembling start.s...
start.s(9): error: A1498E: Unexpected characters following Thumb instruction
Target not created
Build target 'Target 1'
assembling start.s...
start.s(9): error: A1498E: Unexpected characters following Thumb instruction
Target not created
Build target 'Target 1'
assembling start.s...
start.s(9): error: A1498E: Unexpected characters following Thumb instruction
Target not created
Build target 'Target 1'
assembling start.s...
linking...
Program Size: Code=1238 RO-data=74 RW-data=4 ZI-data=96  
FromELF: creating hex file...
User command #1: C:\Keil\ARM\BIN40\fromelf.exe --bin -o ./test.bin ./cortex_m3_test.axf
User command #2: C:\Keil\ARM\BIN40\fromelf.exe -c -o ./test.txt ./cortex_m3_test.axf
"cortex_m3_test.axf" - 0 Error(s), 0 Warning(s).
Build target 'Target 1'
assembling start.s...
linking...
Program Size: Code=1238 RO-data=74 RW-data=4 ZI-data=96  
FromELF: creating hex file...
User command #1: C:\Keil\ARM\BIN40\fromelf.exe --bin -o ./test.bin ./cortex_m3_test.axf
User command #2: C:\Keil\ARM\BIN40\fromelf.exe -c -o ./test.txt ./cortex_m3_test.axf
"cortex_m3_test.axf" - 0 Error(s), 0 Warning(s).
Build target 'Target 1'
assembling start.s...
linking...
Program Size: Code=1238 RO-data=74 RW-data=4 ZI-data=96  
FromELF: creating hex file...
User command #1: C:\Keil\ARM\BIN40\fromelf.exe --bin -o ./test.bin ./cortex_m3_test.axf
User command #2: C:\Keil\ARM\BIN40\fromelf.exe -c -o ./test.txt ./cortex_m3_test.axf
"cortex_m3_test.axf" - 0 Error(s), 0 Warning(s).
Build target 'Target 1'
assembling start.s...
start.s(8): error: A1237E: Invalid register or register combination for this operation
Target not created
Build target 'Target 1'
assembling start.s...
linking...
Program Size: Code=1238 RO-data=74 RW-data=4 ZI-data=96  
FromELF: creating hex file...
User command #1: C:\Keil\ARM\BIN40\fromelf.exe --bin -o ./test.bin ./cortex_m3_test.axf
User command #2: C:\Keil\ARM\BIN40\fromelf.exe -c -o ./test.txt ./cortex_m3_test.axf
"cortex_m3_test.axf" - 0 Error(s), 0 Warning(s).
Build target 'Target 1'
assembling start.s...
linking...
Program Size: Code=1238 RO-data=74 RW-data=4 ZI-data=96  
FromELF: creating hex file...
User command #1: C:\Keil\ARM\BIN40\fromelf.exe --bin -o ./test.bin ./cortex_m3_test.axf
User command #2: C:\Keil\ARM\BIN40\fromelf.exe -c -o ./test.txt ./cortex_m3_test.axf
"cortex_m3_test.axf" - 0 Error(s), 0 Warning(s).
Build target 'Target 1'
assembling start.s...
linking...
Program Size: Code=1238 RO-data=74 RW-data=4 ZI-data=96  
FromELF: creating hex file...
User command #1: C:\Keil\ARM\BIN40\fromelf.exe --bin -o ./test.bin ./cortex_m3_test.axf
User command #2: C:\Keil\ARM\BIN40\fromelf.exe -c -o ./test.txt ./cortex_m3_test.axf
"cortex_m3_test.axf" - 0 Error(s), 0 Warning(s).
Build target 'Target 1'
assembling start.s...
linking...
Program Size: Code=1242 RO-data=74 RW-data=4 ZI-data=96  
FromELF: creating hex file...
User command #1: C:\Keil\ARM\BIN40\fromelf.exe --bin -o ./test.bin ./cortex_m3_test.axf
User command #2: C:\Keil\ARM\BIN40\fromelf.exe -c -o ./test.txt ./cortex_m3_test.axf
"cortex_m3_test.axf" - 0 Error(s), 0 Warning(s).
Build target 'Target 1'
assembling start.s...
linking...
Program Size: Code=1246 RO-data=74 RW-data=4 ZI-data=96  
FromELF: creating hex file...
User command #1: C:\Keil\ARM\BIN40\fromelf.exe --bin -o ./test.bin ./cortex_m3_test.axf
User command #2: C:\Keil\ARM\BIN40\fromelf.exe -c -o ./test.txt ./cortex_m3_test.axf
"cortex_m3_test.axf" - 0 Error(s), 0 Warning(s).
Build target 'Target 1'
assembling start.s...
linking...
Program Size: Code=1250 RO-data=74 RW-data=4 ZI-data=96  
FromELF: creating hex file...
User command #1: C:\Keil\ARM\BIN40\fromelf.exe --bin -o ./test.bin ./cortex_m3_test.axf
User command #2: C:\Keil\ARM\BIN40\fromelf.exe -c -o ./test.txt ./cortex_m3_test.axf
"cortex_m3_test.axf" - 0 Error(s), 0 Warning(s).
Build target 'Target 1'
assembling start.s...
linking...
Program Size: Code=1254 RO-data=74 RW-data=4 ZI-data=96  
FromELF: creating hex file...
User command #1: C:\Keil\ARM\BIN40\fromelf.exe --bin -o ./test.bin ./cortex_m3_test.axf
User command #2: C:\Keil\ARM\BIN40\fromelf.exe -c -o ./test.txt ./cortex_m3_test.axf
"cortex_m3_test.axf" - 0 Error(s), 0 Warning(s).
Build target 'Target 1'
assembling start.s...
linking...
Program Size: Code=1254 RO-data=74 RW-data=4 ZI-data=96  
FromELF: creating hex file...
User command #1: C:\Keil\ARM\BIN40\fromelf.exe --bin -o ./test.bin ./cortex_m3_test.axf
User command #2: C:\Keil\ARM\BIN40\fromelf.exe -c -o ./test.txt ./cortex_m3_test.axf
"cortex_m3_test.axf" - 0 Error(s), 0 Warning(s).
Build target 'Target 1'
assembling start.s...
linking...
Program Size: Code=1258 RO-data=74 RW-data=4 ZI-data=96  
FromELF: creating hex file...
User command #1: C:\Keil\ARM\BIN40\fromelf.exe --bin -o ./test.bin ./cortex_m3_test.axf
User command #2: C:\Keil\ARM\BIN40\fromelf.exe -c -o ./test.txt ./cortex_m3_test.axf
"cortex_m3_test.axf" - 0 Error(s), 0 Warning(s).
Build target 'Target 1'
assembling start.s...
linking...
Program Size: Code=1258 RO-data=74 RW-data=4 ZI-data=96  
FromELF: creating hex file...
User command #1: C:\Keil\ARM\BIN40\fromelf.exe --bin -o ./test.bin ./cortex_m3_test.axf
User command #2: C:\Keil\ARM\BIN40\fromelf.exe -c -o ./test.txt ./cortex_m3_test.axf
"cortex_m3_test.axf" - 0 Error(s), 0 Warning(s).
Build target 'Target 1'
assembling start.s...
linking...
Program Size: Code=1258 RO-data=74 RW-data=4 ZI-data=96  
FromELF: creating hex file...
User command #1: C:\Keil\ARM\BIN40\fromelf.exe --bin -o ./test.bin ./cortex_m3_test.axf
User command #2: C:\Keil\ARM\BIN40\fromelf.exe -c -o ./test.txt ./cortex_m3_test.axf
"cortex_m3_test.axf" - 0 Error(s), 0 Warning(s).
Build target 'Target 1'
assembling start.s...
linking...
Program Size: Code=1262 RO-data=74 RW-data=4 ZI-data=96  
FromELF: creating hex file...
User command #1: C:\Keil\ARM\BIN40\fromelf.exe --bin -o ./test.bin ./cortex_m3_test.axf
User command #2: C:\Keil\ARM\BIN40\fromelf.exe -c -o ./test.txt ./cortex_m3_test.axf
"cortex_m3_test.axf" - 0 Error(s), 0 Warning(s).
Build target 'Target 1'
assembling start.s...
linking...
Program Size: Code=1262 RO-data=74 RW-data=4 ZI-data=96  
FromELF: creating hex file...
User command #1: C:\Keil\ARM\BIN40\fromelf.exe --bin -o ./test.bin ./cortex_m3_test.axf
User command #2: C:\Keil\ARM\BIN40\fromelf.exe -c -o ./test.txt ./cortex_m3_test.axf
"cortex_m3_test.axf" - 0 Error(s), 0 Warning(s).
Build target 'Target 1'
assembling start.s...
linking...
Program Size: Code=1262 RO-data=74 RW-data=4 ZI-data=96  
FromELF: creating hex file...
User command #1: C:\Keil\ARM\BIN40\fromelf.exe --bin -o ./test.bin ./cortex_m3_test.axf
User command #2: C:\Keil\ARM\BIN40\fromelf.exe -c -o ./test.txt ./cortex_m3_test.axf
"cortex_m3_test.axf" - 0 Error(s), 0 Warning(s).
Build target 'Target 1'
assembling start.s...
linking...
Program Size: Code=1262 RO-data=74 RW-data=4 ZI-data=96  
FromELF: creating hex file...
User command #1: C:\Keil\ARM\BIN40\fromelf.exe --bin -o ./test.bin ./cortex_m3_test.axf
User command #2: C:\Keil\ARM\BIN40\fromelf.exe -c -o ./test.txt ./cortex_m3_test.axf
"cortex_m3_test.axf" - 0 Error(s), 0 Warning(s).
Clean started: Project: 'cortex_m3_test'
   deleting intermediate output files for target 'Target 1'
Clean started: Project: 'cortex_m3_test'
   deleting intermediate output files for target 'Target 1'
