ARM Linker, 4.1 [Build 894] [Professional]

==============================================================================

Section Cross References



==============================================================================

Image Symbol Table

    Local Symbols

    Symbol Name                              Value     Ov Type        Size  Object(Section)

    RESET                                    0x00000000   Section       38  start.o(RESET)
    start.s                                  0x00000000   Number         0  start.o ABSOLUTE
    START                                    0x00000009   Thumb Code     0  start.o(RESET)

    Global Symbols

    Symbol Name                              Value     Ov Type        Size  Object(Section)

    BuildAttributes$$THM_ISAv4$P$D$K$B$S$PE$A:L22UL41UL21$X:L11$S22US41US21$IEEE1$IW$USESV6$~STKCKD$USESV7$~SHL$OSPACE$EBA8$STANDARDLIB$PRES8$EABIv2 0x00000000   Number         0  anon$$obj.o ABSOLUTE



==============================================================================

Memory Map of the image

  Image entry point : Not specified.

  Load Region LR_ROM1 (Base: 0x00000000, Size: 0x00000028, Max: 0x000003e8, ABSOLUTE)

    Execution Region ER_ROM1 (Base: 0x00000000, Size: 0x00000028, Max: 0x000003e8, ABSOLUTE)

    Base Addr    Size         Type   Attr      Idx    E Section Name        Object

    0x00000000   0x00000026   Code   RO            1    RESET               start.o


    Execution Region RW_RAM1 (Base: 0x00010000, Size: 0x00000000, Max: 0x00001000, ABSOLUTE)

    **** No section assigned to this execution region ****


==============================================================================

Image component sizes


      Code (inc. data)   RO Data    RW Data    ZI Data      Debug   Object Name

        38          8          0          0          0        216   start.o

    ----------------------------------------------------------------------
        40          8          0          0          0        216   Object Totals
         0          0          0          0          0          0   (incl. Generated)
         2          0          0          0          0          0   (incl. Padding)

    ----------------------------------------------------------------------
         0          0          0          0          0          0   Library Totals
         0          0          0          0          0          0   (incl. Padding)

    ----------------------------------------------------------------------

==============================================================================


      Code (inc. data)   RO Data    RW Data    ZI Data      Debug   

        40          8          0          0          0        216   Grand Totals
        40          8          0          0          0        216   ELF Image Totals
        40          8          0          0          0          0   ROM Totals

==============================================================================

    Total RO  Size (Code + RO Data)                   40 (   0.04kB)
    Total RW  Size (RW Data + ZI Data)                 0 (   0.00kB)
    Total ROM Size (Code + RO Data + RW Data)         40 (   0.04kB)

==============================================================================

