


ARM Macro Assembler    Page 1 


    1 00000000                 AREA             RESET, CODE, READONLY
    2 00000000 000F4240        DCD              1000000
    3 00000004 00000000        DCD              START
    4 00000008         START
    5 00000008         ;MOV R1,#0X8
    6 00000008         ;MOV R2,#0X3
    7 00000008 4672            MOV              R2,LR
    8 0000000A 2301            MOV              R3,#1
    9 0000000C         
   10 0000000C         ;SUB R3,#20
   11 0000000C         ;ADD R2,#20
   12 0000000C 2B01            CMP              R3,#1
   13 0000000E 2B00            CMP              R3,#0
   14 00000010 2B02            CMP              R3,#2
   15 00000012 2D00            CMP              r5,#0
   16 00000014 1051            ASR              R1,R2,#1
   17 00000016 0053            LSL              R3,R2,#1
   18 00000018 0851            LSR              R1,R2,#1
   19 0000001A 0852            LSR              R2,R2,#1
   20 0000001C 4351            MUL              R1,R2
   21 0000001E 1093            ASR              R3,R2,#2
   22 00000020 1889            ADD              R1,R1,R2
   23 00000022 4708            BX               R1
   24 00000024 1C11            MOV              R1,R2
   25 00000026                 END
Command Line: --16 --debug --xref --cpu=Cortex-M3 --apcs=interwork --depend=sta
rt.d -ostart.o -IC:\Keil\ARM\RV31\Inc -IC:\Keil\ARM\CMSIS\Include --list=start.
lst start.s



ARM Macro Assembler    Page 1 Alphabetic symbol ordering
Relocatable symbols

RESET 00000000

Symbol: RESET
   Definitions
      At line 1 in file start.s
   Uses
      None
Comment: RESET unused
START 00000008

Symbol: START
   Definitions
      At line 4 in file start.s
   Uses
      At line 3 in file start.s
Comment: START used once
2 symbols
332 symbols in table
